Archive member included to satisfy reference by file (symbol)

C:/ST/STM32CubeIDE_1.17.0/STM32CubeIDE/plugins/com.st.stm32cube.ide.mcu.externaltools.gnu-tools-for-stm32.12.3.rel1.win32_1.1.0.202410251130/tools/bin/../lib/gcc/arm-none-eabi/12.3.1/../../../../arm-none-eabi/lib/thumb/v7e-m+fp/hard\libc_nano.a(libc_a-exit.o)
                              C:/ST/STM32CubeIDE_1.17.0/STM32CubeIDE/plugins/com.st.stm32cube.ide.mcu.externaltools.gnu-tools-for-stm32.12.3.rel1.win32_1.1.0.202410251130/tools/bin/../lib/gcc/arm-none-eabi/12.3.1/../../../../arm-none-eabi/lib/thumb/v7e-m+fp/hard/crt0.o (exit)
C:/ST/STM32CubeIDE_1.17.0/STM32CubeIDE/plugins/com.st.stm32cube.ide.mcu.externaltools.gnu-tools-for-stm32.12.3.rel1.win32_1.1.0.202410251130/tools/bin/../lib/gcc/arm-none-eabi/12.3.1/../../../../arm-none-eabi/lib/thumb/v7e-m+fp/hard\libc_nano.a(libc_a-itoa.o)
                              ./Core/Src/main.o (itoa)
C:/ST/STM32CubeIDE_1.17.0/STM32CubeIDE/plugins/com.st.stm32cube.ide.mcu.externaltools.gnu-tools-for-stm32.12.3.rel1.win32_1.1.0.202410251130/tools/bin/../lib/gcc/arm-none-eabi/12.3.1/../../../../arm-none-eabi/lib/thumb/v7e-m+fp/hard\libc_nano.a(libc_a-malloc.o)
                              ./Middlewares/ST/STM32_USB_Host_Library/Class/CDC/Src/usbh_cdc.o (malloc)
C:/ST/STM32CubeIDE_1.17.0/STM32CubeIDE/plugins/com.st.stm32cube.ide.mcu.externaltools.gnu-tools-for-stm32.12.3.rel1.win32_1.1.0.202410251130/tools/bin/../lib/gcc/arm-none-eabi/12.3.1/../../../../arm-none-eabi/lib/thumb/v7e-m+fp/hard\libc_nano.a(libc_a-mallocr.o)
                              C:/ST/STM32CubeIDE_1.17.0/STM32CubeIDE/plugins/com.st.stm32cube.ide.mcu.externaltools.gnu-tools-for-stm32.12.3.rel1.win32_1.1.0.202410251130/tools/bin/../lib/gcc/arm-none-eabi/12.3.1/../../../../arm-none-eabi/lib/thumb/v7e-m+fp/hard\libc_nano.a(libc_a-malloc.o) (_malloc_r)
C:/ST/STM32CubeIDE_1.17.0/STM32CubeIDE/plugins/com.st.stm32cube.ide.mcu.externaltools.gnu-tools-for-stm32.12.3.rel1.win32_1.1.0.202410251130/tools/bin/../lib/gcc/arm-none-eabi/12.3.1/../../../../arm-none-eabi/lib/thumb/v7e-m+fp/hard\libc_nano.a(libc_a-mlock.o)
                              C:/ST/STM32CubeIDE_1.17.0/STM32CubeIDE/plugins/com.st.stm32cube.ide.mcu.externaltools.gnu-tools-for-stm32.12.3.rel1.win32_1.1.0.202410251130/tools/bin/../lib/gcc/arm-none-eabi/12.3.1/../../../../arm-none-eabi/lib/thumb/v7e-m+fp/hard\libc_nano.a(libc_a-mallocr.o) (__malloc_lock)
C:/ST/STM32CubeIDE_1.17.0/STM32CubeIDE/plugins/com.st.stm32cube.ide.mcu.externaltools.gnu-tools-for-stm32.12.3.rel1.win32_1.1.0.202410251130/tools/bin/../lib/gcc/arm-none-eabi/12.3.1/../../../../arm-none-eabi/lib/thumb/v7e-m+fp/hard\libc_nano.a(libc_a-utoa.o)
                              C:/ST/STM32CubeIDE_1.17.0/STM32CubeIDE/plugins/com.st.stm32cube.ide.mcu.externaltools.gnu-tools-for-stm32.12.3.rel1.win32_1.1.0.202410251130/tools/bin/../lib/gcc/arm-none-eabi/12.3.1/../../../../arm-none-eabi/lib/thumb/v7e-m+fp/hard\libc_nano.a(libc_a-itoa.o) (__utoa)
C:/ST/STM32CubeIDE_1.17.0/STM32CubeIDE/plugins/com.st.stm32cube.ide.mcu.externaltools.gnu-tools-for-stm32.12.3.rel1.win32_1.1.0.202410251130/tools/bin/../lib/gcc/arm-none-eabi/12.3.1/../../../../arm-none-eabi/lib/thumb/v7e-m+fp/hard\libc_nano.a(libc_a-findfp.o)
                              C:/ST/STM32CubeIDE_1.17.0/STM32CubeIDE/plugins/com.st.stm32cube.ide.mcu.externaltools.gnu-tools-for-stm32.12.3.rel1.win32_1.1.0.202410251130/tools/bin/../lib/gcc/arm-none-eabi/12.3.1/../../../../arm-none-eabi/lib/thumb/v7e-m+fp/hard\libc_nano.a(libc_a-exit.o) (__stdio_exit_handler)
C:/ST/STM32CubeIDE_1.17.0/STM32CubeIDE/plugins/com.st.stm32cube.ide.mcu.externaltools.gnu-tools-for-stm32.12.3.rel1.win32_1.1.0.202410251130/tools/bin/../lib/gcc/arm-none-eabi/12.3.1/../../../../arm-none-eabi/lib/thumb/v7e-m+fp/hard\libc_nano.a(libc_a-fwalk.o)
                              C:/ST/STM32CubeIDE_1.17.0/STM32CubeIDE/plugins/com.st.stm32cube.ide.mcu.externaltools.gnu-tools-for-stm32.12.3.rel1.win32_1.1.0.202410251130/tools/bin/../lib/gcc/arm-none-eabi/12.3.1/../../../../arm-none-eabi/lib/thumb/v7e-m+fp/hard\libc_nano.a(libc_a-findfp.o) (_fwalk_sglue)
C:/ST/STM32CubeIDE_1.17.0/STM32CubeIDE/plugins/com.st.stm32cube.ide.mcu.externaltools.gnu-tools-for-stm32.12.3.rel1.win32_1.1.0.202410251130/tools/bin/../lib/gcc/arm-none-eabi/12.3.1/../../../../arm-none-eabi/lib/thumb/v7e-m+fp/hard\libc_nano.a(libc_a-stdio.o)
                              C:/ST/STM32CubeIDE_1.17.0/STM32CubeIDE/plugins/com.st.stm32cube.ide.mcu.externaltools.gnu-tools-for-stm32.12.3.rel1.win32_1.1.0.202410251130/tools/bin/../lib/gcc/arm-none-eabi/12.3.1/../../../../arm-none-eabi/lib/thumb/v7e-m+fp/hard\libc_nano.a(libc_a-findfp.o) (__sread)
C:/ST/STM32CubeIDE_1.17.0/STM32CubeIDE/plugins/com.st.stm32cube.ide.mcu.externaltools.gnu-tools-for-stm32.12.3.rel1.win32_1.1.0.202410251130/tools/bin/../lib/gcc/arm-none-eabi/12.3.1/../../../../arm-none-eabi/lib/thumb/v7e-m+fp/hard\libc_nano.a(libc_a-memset.o)
[...]
Memory Configuration

Name             Origin             Length             Attributes
RAM              0x20000000         0x00018000         xrw
RAM2             0x10000000         0x00008000         xrw
FLASH            0x08000000         0x00100000         xr
*default*        0x00000000         0xffffffff

Linker script and memory map

LOAD C:/ST/STM32CubeIDE_1.17.0/STM32CubeIDE/plugins/com.st.stm32cube.ide.mcu.externaltools.gnu-tools-for-stm32.12.3.rel1.win32_1.1.0.202410251130/tools/bin/../lib/gcc/arm-none-eabi/12.3.1/thumb/v7e-m+fp/hard/crti.o
LOAD C:/ST/STM32CubeIDE_1.17.0/STM32CubeIDE/plugins/com.st.stm32cube.ide.mcu.externaltools.gnu-tools-for-stm32.12.3.rel1.win32_1.1.0.202410251130/tools/bin/../lib/gcc/arm-none-eabi/12.3.1/thumb/v7e-m+fp/hard/crtbegin.o
LOAD C:/ST/STM32CubeIDE_1.17.0/STM32CubeIDE/plugins/com.st.stm32cube.ide.mcu.externaltools.gnu-tools-for-stm32.12.3.rel1.win32_1.1.0.202410251130/tools/bin/../lib/gcc/arm-none-eabi/12.3.1/../../../../arm-none-eabi/lib/thumb/v7e-m+fp/hard/crt0.o
LOAD ./Core/Src/main.o
LOAD ./Core/Src/stm32l476g_discovery.o
LOAD ./Core/Src/stm32l476g_discovery_glass_lcd.o
LOAD ./Core/Src/stm32l4xx_hal_msp.o
LOAD ./Core/Src/stm32l4xx_it.o
LOAD ./Core/Src/syscalls.o
LOAD ./Core/Src/sysmem.o
LOAD ./Core/Src/system_stm32l4xx.o
LOAD ./Core/Startup/startup_stm32l476vgtx.o
LOAD ./Drivers/STM32L4xx_HAL_Driver/Src/stm32l4xx_hal.o
LOAD ./Drivers/STM32L4xx_HAL_Driver/Src/stm32l4xx_hal_cortex.o
LOAD ./Drivers/STM32L4xx_HAL_Driver/Src/stm32l4xx_hal_dma.o
LOAD ./Drivers/STM32L4xx_HAL_Driver/Src/stm32l4xx_hal_dma_ex.o
LOAD ./Drivers/STM32L4xx_HAL_Driver/Src/stm32l4xx_hal_exti.o
LOAD ./Drivers/STM32L4xx_HAL_Driver/Src/stm32l4xx_hal_flash.o
LOAD ./Drivers/STM32L4xx_HAL_Driver/Src/stm32l4xx_hal_flash_ex.o
LOAD ./Drivers/STM32L4xx_HAL_Driver/Src/stm32l4xx_hal_flash_ramfunc.o
LOAD ./Drivers/STM32L4xx_HAL_Driver/Src/stm32l4xx_hal_gpio.o
LOAD ./Drivers/STM32L4xx_HAL_Driver/Src/stm32l4xx_hal_hcd.o
LOAD ./Drivers/STM32L4xx_HAL_Driver/Src/stm32l4xx_hal_i2c.o
LOAD ./Drivers/STM32L4xx_HAL_Driver/Src/stm32l4xx_hal_i2c_ex.o
LOAD ./Drivers/STM32L4xx_HAL_Driver/Src/stm32l4xx_hal_lcd.o
LOAD ./Drivers/STM32L4xx_HAL_Driver/Src/stm32l4xx_hal_pwr.o
LOAD ./Drivers/STM32L4xx_HAL_Driver/Src/stm32l4xx_hal_pwr_ex.o
LOAD ./Drivers/STM32L4xx_HAL_Driver/Src/stm32l4xx_hal_qspi.o
LOAD ./Drivers/STM32L4xx_HAL_Driver/Src/stm32l4xx_hal_rcc.o
LOAD ./Drivers/STM32L4xx_HAL_Driver/Src/stm32l4xx_hal_rcc_ex.o
LOAD ./Drivers/STM32L4xx_HAL_Driver/Src/stm32l4xx_hal_rtc.o
LOAD ./Drivers/STM32L4xx_HAL_Driver/Src/stm32l4xx_hal_rtc_ex.o
LOAD ./Drivers/STM32L4xx_HAL_Driver/Src/stm32l4xx_hal_sai.o
LOAD ./Drivers/STM32L4xx_HAL_Driver/Src/stm32l4xx_hal_sai_ex.o
LOAD ./Drivers/STM32L4xx_HAL_Driver/Src/stm32l4xx_hal_spi.o
LOAD ./Drivers/STM32L4xx_HAL_Driver/Src/stm32l4xx_hal_spi_ex.o
LOAD ./Drivers/STM32L4xx_HAL_Driver/Src/stm32l4xx_hal_uart.o
LOAD ./Drivers/STM32L4xx_HAL_Driver/Src/stm32l4xx_hal_uart_ex.o
LOAD ./Drivers/STM32L4xx_HAL_Driver/Src/stm32l4xx_ll_usb.o
LOAD ./Middlewares/ST/STM32_USB_Host_Library/Class/CDC/Src/usbh_cdc.o
LOAD ./Middlewares/ST/STM32_USB_Host_Library/Core/Src/usbh_core.o
LOAD ./Middlewares/ST/STM32_USB_Host_Library/Core/Src/usbh_ctlreq.o
LOAD ./Middlewares/ST/STM32_USB_Host_Library/Core/Src/usbh_ioreq.o
LOAD ./Middlewares/ST/STM32_USB_Host_Library/Core/Src/usbh_pipes.o
LOAD ./USB_HOST/App/usb_host.o
LOAD ./USB_HOST/Target/usbh_conf.o
LOAD ./USB_HOST/Target/usbh_platform.o
START GROUP
LOAD C:/ST/STM32CubeIDE_1.17.0/STM32CubeIDE/plugins/com.st.stm32cube.ide.mcu.externaltools.gnu-tools-for-stm32.12.3.rel1.win32_1.1.0.202410251130/tools/bin/../lib/gcc/arm-none-eabi/12.3.1/../../../../arm-none-eabi/lib/thumb/v7e-m+fp/hard\libc_nano.a
LOAD C:/ST/STM32CubeIDE_1.17.0/STM32CubeIDE/plugins/com.st.stm32cube.ide.mcu.externaltools.gnu-tools-for-stm32.12.3.rel1.win32_1.1.0.202410251130/tools/bin/../lib/gcc/arm-none-eabi/12.3.1/../../../../arm-none-eabi/lib/thumb/v7e-m+fp/hard\libm.a
END GROUP
START GROUP
LOAD C:/ST/STM32CubeIDE_1.17.0/STM32CubeIDE/plugins/com.st.stm32cube.ide.mcu.externaltools.gnu-tools-for-stm32.12.3.rel1.win32_1.1.0.202410251130/tools/bin/../lib/gcc/arm-none-eabi/12.3.1/thumb/v7e-m+fp/hard\libgcc.a
LOAD C:/ST/STM32CubeIDE_1.17.0/STM32CubeIDE/plugins/com.st.stm32cube.ide.mcu.externaltools.gnu-tools-for-stm32.12.3.rel1.win32_1.1.0.202410251130/tools/bin/../lib/gcc/arm-none-eabi/12.3.1/../../../../arm-none-eabi/lib/thumb/v7e-m+fp/hard\libc_nano.a
END GROUP
START GROUP
LOAD C:/ST/STM32CubeIDE_1.17.0/STM32CubeIDE/plugins/com.st.stm32cube.ide.mcu.externaltools.gnu-tools-for-stm32.12.3.rel1.win32_1.1.0.202410251130/tools/bin/../lib/gcc/arm-none-eabi/12.3.1/thumb/v7e-m+fp/hard\libgcc.a
LOAD C:/ST/STM32CubeIDE_1.17.0/STM32CubeIDE/plugins/com.st.stm32cube.ide.mcu.externaltools.gnu-tools-for-stm32.12.3.rel1.win32_1.1.0.202410251130/tools/bin/../lib/gcc/arm-none-eabi/12.3.1/../../../../arm-none-eabi/lib/thumb/v7e-m+fp/hard\libc_nano.a
LOAD C:/ST/STM32CubeIDE_1.17.0/STM32CubeIDE/plugins/com.st.stm32cube.ide.mcu.externaltools.gnu-tools-for-stm32.12.3.rel1.win32_1.1.0.202410251130/tools/bin/../lib/gcc/arm-none-eabi/12.3.1/../../../../arm-none-eabi/lib/thumb/v7e-m+fp/hard\libnosys.a
END GROUP
START GROUP
LOAD C:/ST/STM32CubeIDE_1.17.0/STM32CubeIDE/plugins/com.st.stm32cube.ide.mcu.externaltools.gnu-tools-for-stm32.12.3.rel1.win32_1.1.0.202410251130/tools/bin/../lib/gcc/arm-none-eabi/12.3.1/thumb/v7e-m+fp/hard\libgcc.a
LOAD C:/ST/STM32CubeIDE_1.17.0/STM32CubeIDE/plugins/com.st.stm32cube.ide.mcu.externaltools.gnu-tools-for-stm32.12.3.rel1.win32_1.1.0.202410251130/tools/bin/../lib/gcc/arm-none-eabi/12.3.1/../../../../arm-none-eabi/lib/thumb/v7e-m+fp/hard\libc_nano.a
LOAD C:/ST/STM32CubeIDE_1.17.0/STM32CubeIDE/plugins/com.st.stm32cube.ide.mcu.externaltools.gnu-tools-for-stm32.12.3.rel1.win32_1.1.0.202410251130/tools/bin/../lib/gcc/arm-none-eabi/12.3.1/../../../../arm-none-eabi/lib/thumb/v7e-m+fp/hard\libnosys.a
END GROUP
LOAD C:/ST/STM32CubeIDE_1.17.0/STM32CubeIDE/plugins/com.st.stm32cube.ide.mcu.externaltools.gnu-tools-for-stm32.12.3.rel1.win32_1.1.0.202410251130/tools/bin/../lib/gcc/arm-none-eabi/12.3.1/thumb/v7e-m+fp/hard/crtend.o
LOAD C:/ST/STM32CubeIDE_1.17.0/STM32CubeIDE/plugins/com.st.stm32cube.ide.mcu.externaltools.gnu-tools-for-stm32.12.3.rel1.win32_1.1.0.202410251130/tools/bin/../lib/gcc/arm-none-eabi/12.3.1/thumb/v7e-m+fp/hard/crtn.o
                0x20018000                        _estack = (ORIGIN (RAM) + LENGTH (RAM))
                0x00000200                        _Min_Heap_Size = 0x200
                0x00000400                        _Min_Stack_Size = 0x400

.isr_vector     0x08000000      0x188
                0x08000000                        . = ALIGN (0x4)
 *(.isr_vector)
 .isr_vector    0x08000000      0x188 ./Core/Startup/startup_stm32l476vgtx.o
                0x08000000                g_pfnVectors
                0x08000188                        . = ALIGN (0x4)

.text           0x08000188     0xbaac
                0x08000188                        . = ALIGN (0x4)
 *(.text)
 .text          0x08000188       0x40 C:/ST/STM32CubeIDE_1.17.0/STM32CubeIDE/plugins/com.st.stm32cube.ide.mcu.externaltools.gnu-tools-for-stm32.12.3.rel1.win32_1.1.0.202410251130/tools/bin/../lib/gcc/arm-none-eabi/12.3.1/thumb/v7e-m+fp/hard/crtbegin.o
 .text          0x080001c8       0x30 C:/ST/STM32CubeIDE_1.17.0/STM32CubeIDE/plugins/com.st.stm32cube.ide.mcu.externaltools.gnu-tools-for-stm32.12.3.rel1.win32_1.1.0.202410251130/tools/bin/../lib/gcc/arm-none-eabi/12.3.1/thumb/v7e-m+fp/hard\libgcc.a(_aeabi_uldivmod.o)
                0x080001c8                __aeabi_uldivmod
 .text          0x080001f8      0x2bc C:/ST/STM32CubeIDE_1.17.0/STM32CubeIDE/plugins/com.st.stm32cube.ide.mcu.externaltools.gnu-tools-for-stm32.12.3.rel1.win32_1.1.0.202410251130/tools/bin/../lib/gcc/arm-none-eabi/12.3.1/thumb/v7e-m+fp/hard\libgcc.a(_udivmoddi4.o)
                0x080001f8                __udivmoddi4
 .text          0x080004b4        0x4 C:/ST/STM32CubeIDE_1.17.0/STM32CubeIDE/plugins/com.st.stm32cube.ide.mcu.externaltools.gnu-tools-for-stm32.12.3.rel1.win32_1.1.0.202410251130/tools/bin/../lib/gcc/arm-none-eabi/12.3.1/thumb/v7e-m+fp/hard\libgcc.a(_dvmd_tls.o)
                0x080004b4                __aeabi_idiv0
                0x080004b4                __aeabi_ldiv0
 *(.text*)
 .text.main     0x080004b8       0xe8 ./Core/Src/main.o
                0x080004b8                main
 .text.SystemClock_Config
                0x080005a0       0xc8 ./Core/Src/main.o
                0x080005a0                SystemClock_Config
 .text.PeriphCommonClock_Config
                0x08000668       0x5a ./Core/Src/main.o
                0x08000668                PeriphCommonClock_Config
 *fill*         0x080006c2        0x2 
 .text.MX_I2C1_Init
                0x080006c4       0x80 ./Core/Src/main.o
 .text.MX_I2C2_Init
                0x08000744       0x80 ./Core/Src/main.o
 .text.MX_LCD_Init
                0x080007c4       0x70 ./Core/Src/main.o
 .text.MX_QUADSPI_Init
                0x08000834       0x4c ./Core/Src/main.o
 .text.MX_RTC_Init
                0x08000880       0xb8 ./Core/Src/main.o
 .text.MX_SAI1_Init
                0x08000938      0x150 ./Core/Src/main.o
 .text.MX_SPI2_Init
                0x08000a88       0x7c ./Core/Src/main.o
 .text.MX_USART2_UART_Init
                0x08000b04       0x60 ./Core/Src/main.o
 .text.MX_GPIO_Init
                0x08000b64      0x27c ./Core/Src/main.o
 .text.displayTimer
                0x08000de0       0xfc ./Core/Src/main.o
                0x08000de0                displayTimer
 .text.Error_Handler
                0x08000edc        0xc ./Core/Src/main.o
                0x08000edc                Error_Handler
 .text.BSP_LCD_GLASS_Init
                0x08000ee8       0x74 ./Core/Src/stm32l476g_discovery_glass_lcd.o
                0x08000ee8                BSP_LCD_GLASS_Init
 .text.BSP_LCD_GLASS_DisplayChar
                0x08000f5c       0x38 ./Core/Src/stm32l476g_discovery_glass_lcd.o
                0x08000f5c                BSP_LCD_GLASS_DisplayChar
 .text.BSP_LCD_GLASS_DisplayString
                0x08000f94       0x48 ./Core/Src/stm32l476g_discovery_glass_lcd.o
                0x08000f94                BSP_LCD_GLASS_DisplayString
 .text.BSP_LCD_GLASS_Clear
                0x08000fdc       0x14 ./Core/Src/stm32l476g_discovery_glass_lcd.o
                0x08000fdc                BSP_LCD_GLASS_Clear
 .text.LCD_MspInit
                0x08000ff0      0x18c ./Core/Src/stm32l476g_discovery_glass_lcd.o
 .text.Convert  0x0800117c      0x2b4 ./Core/Src/stm32l476g_discovery_glass_lcd.o
 .text.WriteChar
                0x08001430      0x700 ./Core/Src/stm32l476g_discovery_glass_lcd.o
 .text.HAL_MspInit
                0x08001b30       0x48 ./Core/Src/stm32l4xx_hal_msp.o
                0x08001b30                HAL_MspInit
 .text.HAL_I2C_MspInit
                0x08001b78      0x144 ./Core/Src/stm32l4xx_hal_msp.o
                0x08001b78                HAL_I2C_MspInit
 .text.HAL_LCD_MspInit
                0x08001cbc      0x19c ./Core/Src/stm32l4xx_hal_msp.o
                0x08001cbc                HAL_LCD_MspInit
 .text.HAL_QSPI_MspInit
                0x08001e58       0x88 ./Core/Src/stm32l4xx_hal_msp.o
                0x08001e58                HAL_QSPI_MspInit
 .text.HAL_RTC_MspInit
                0x08001ee0       0x64 ./Core/Src/stm32l4xx_hal_msp.o
                0x08001ee0                HAL_RTC_MspInit
 .text.HAL_SPI_MspInit
                0x08001f44       0x88 ./Core/Src/stm32l4xx_hal_msp.o
                0x08001f44                HAL_SPI_MspInit
 .text.HAL_UART_MspInit
                0x08001fcc       0xbc ./Core/Src/stm32l4xx_hal_msp.o
                0x08001fcc                HAL_UART_MspInit
 .text.HAL_SAI_MspInit
                0x08002088       0xf0 ./Core/Src/stm32l4xx_hal_msp.o
                0x08002088                HAL_SAI_MspInit
 .text.NMI_Handler
                0x08002178        0x8 ./Core/Src/stm32l4xx_it.o
                0x08002178                NMI_Handler
 .text.HardFault_Handler
                0x08002180        0x8 ./Core/Src/stm32l4xx_it.o
                0x08002180                HardFault_Handler
 .text.MemManage_Handler
                0x08002188        0x8 ./Core/Src/stm32l4xx_it.o
                0x08002188                MemManage_Handler
 .text.BusFault_Handler
                0x08002190        0x8 ./Core/Src/stm32l4xx_it.o
                0x08002190                BusFault_Handler
 .text.UsageFault_Handler
                0x08002198        0x8 ./Core/Src/stm32l4xx_it.o
                0x08002198                UsageFault_Handler
 .text.SVC_Handler
                0x080021a0        0xe ./Core/Src/stm32l4xx_it.o
                0x080021a0                SVC_Handler
 .text.DebugMon_Handler
                0x080021ae        0xe ./Core/Src/stm32l4xx_it.o
                0x080021ae                DebugMon_Handler
 .text.PendSV_Handler
                0x080021bc        0xe ./Core/Src/stm32l4xx_it.o
                0x080021bc                PendSV_Handler
 .text.SysTick_Handler
                0x080021ca        0xc ./Core/Src/stm32l4xx_it.o
                0x080021ca                SysTick_Handler
 *fill*         0x080021d6        0x2 
 .text.OTG_FS_IRQHandler
                0x080021d8       0x14 ./Core/Src/stm32l4xx_it.o
                0x080021d8                OTG_FS_IRQHandler
 .text._sbrk    0x080021ec       0x6c ./Core/Src/sysmem.o
                0x080021ec                _sbrk
 .text.SystemInit
                0x08002258       0x24 ./Core/Src/system_stm32l4xx.o
                0x08002258                SystemInit
 .text.Reset_Handler
                0x0800227c       0x50 ./Core/Startup/startup_stm32l476vgtx.o
                0x0800227c                Reset_Handler
 .text.Default_Handler
                0x080022cc        0x2 ./Core/Startup/startup_stm32l476vgtx.o
                0x080022cc                RTC_Alarm_IRQHandler
                0x080022cc                EXTI2_IRQHandler
                0x080022cc                TIM8_TRG_COM_IRQHandler
                0x080022cc                TIM8_CC_IRQHandler
                0x080022cc                TIM1_CC_IRQHandler
                0x080022cc                TSC_IRQHandler
                0x080022cc                TAMP_STAMP_IRQHandler
                0x080022cc                EXTI3_IRQHandler
                0x080022cc                LPTIM2_IRQHandler
                0x080022cc                DFSDM1_FLT1_IRQHandler
                0x080022cc                I2C3_ER_IRQHandler
                0x080022cc                DFSDM1_FLT2_IRQHandler
                0x080022cc                EXTI0_IRQHandler
                0x080022cc                I2C2_EV_IRQHandler
                0x080022cc                CAN1_RX0_IRQHandler
                0x080022cc                FPU_IRQHandler
                0x080022cc                TIM1_UP_TIM16_IRQHandler
                0x080022cc                ADC1_2_IRQHandler
                0x080022cc                SPI1_IRQHandler
                0x080022cc                TIM6_DAC_IRQHandler
                0x080022cc                TIM8_UP_IRQHandler
                0x080022cc                DMA2_Channel2_IRQHandler
                0x080022cc                DMA1_Channel4_IRQHandler
                0x080022cc                SAI2_IRQHandler
                0x080022cc                DFSDM1_FLT3_IRQHandler
                0x080022cc                USART3_IRQHandler
                0x080022cc                DMA1_Channel7_IRQHandler
                0x080022cc                CAN1_RX1_IRQHandler
                0x080022cc                LCD_IRQHandler
                0x080022cc                UART5_IRQHandler
                0x080022cc                ADC3_IRQHandler
                0x080022cc                TIM4_IRQHandler
                0x080022cc                DMA2_Channel1_IRQHandler
                0x080022cc                QUADSPI_IRQHandler
                0x080022cc                I2C1_EV_IRQHandler
                0x080022cc                DMA1_Channel6_IRQHandler
                0x080022cc                UART4_IRQHandler
                0x080022cc                DMA2_Channel4_IRQHandler
                0x080022cc                TIM3_IRQHandler
                0x080022cc                RCC_IRQHandler
                0x080022cc                DMA1_Channel1_IRQHandler
                0x080022cc                Default_Handler
                0x080022cc                DMA2_Channel7_IRQHandler
                0x080022cc                EXTI15_10_IRQHandler
                0x080022cc                TIM7_IRQHandler
                0x080022cc                SDMMC1_IRQHandler
                0x080022cc                TIM5_IRQHandler
                0x080022cc                I2C3_EV_IRQHandler
                0x080022cc                EXTI9_5_IRQHandler
                0x080022cc                RTC_WKUP_IRQHandler
                0x080022cc                PVD_PVM_IRQHandler
                0x080022cc                SPI2_IRQHandler
                0x080022cc                CAN1_TX_IRQHandler
                0x080022cc                DMA2_Channel5_IRQHandler
                0x080022cc                DMA1_Channel5_IRQHandler
                0x080022cc                EXTI4_IRQHandler
                0x080022cc                RNG_IRQHandler
                0x080022cc                TIM1_TRG_COM_TIM17_IRQHandler
                0x080022cc                DMA1_Channel3_IRQHandler
                0x080022cc                COMP_IRQHandler
                0x080022cc                WWDG_IRQHandler
                0x080022cc                LPUART1_IRQHandler
                0x080022cc                DMA2_Channel6_IRQHandler
                0x080022cc                TIM2_IRQHandler
                0x080022cc                EXTI1_IRQHandler
                0x080022cc                USART2_IRQHandler
                0x080022cc                DFSDM1_FLT0_IRQHandler
                0x080022cc                I2C2_ER_IRQHandler
                0x080022cc                DMA1_Channel2_IRQHandler
                0x080022cc                TIM8_BRK_IRQHandler
                0x080022cc                CAN1_SCE_IRQHandler
                0x080022cc                FLASH_IRQHandler
                0x080022cc                USART1_IRQHandler
                0x080022cc                SPI3_IRQHandler
                0x080022cc                I2C1_ER_IRQHandler
                0x080022cc                FMC_IRQHandler
                0x080022cc                SWPMI1_IRQHandler
                0x080022cc                LPTIM1_IRQHandler
                0x080022cc                SAI1_IRQHandler
                0x080022cc                DMA2_Channel3_IRQHandler
                0x080022cc                TIM1_BRK_TIM15_IRQHandler
 *fill*         0x080022ce        0x2 
 .text.HAL_Init
                0x080022d0       0x40 ./Drivers/STM32L4xx_HAL_Driver/Src/stm32l4xx_hal.o
                0x080022d0                HAL_Init
 .text.HAL_InitTick
                0x08002310       0x78 ./Drivers/STM32L4xx_HAL_Driver/Src/stm32l4xx_hal.o
                0x08002310                HAL_InitTick
 .text.HAL_IncTick
                0x08002388       0x28 ./Drivers/STM32L4xx_HAL_Driver/Src/stm32l4xx_hal.o
                0x08002388                HAL_IncTick
 .text.HAL_GetTick
                0x080023b0       0x18 ./Drivers/STM32L4xx_HAL_Driver/Src/stm32l4xx_hal.o
                0x080023b0                HAL_GetTick
 .text.HAL_Delay
                0x080023c8       0x48 ./Drivers/STM32L4xx_HAL_Driver/Src/stm32l4xx_hal.o
                0x080023c8                HAL_Delay
 .text.__NVIC_SetPriorityGrouping
                0x08002410       0x48 ./Drivers/STM32L4xx_HAL_Driver/Src/stm32l4xx_hal_cortex.o
 .text.__NVIC_GetPriorityGrouping
                0x08002458       0x1c ./Drivers/STM32L4xx_HAL_Driver/Src/stm32l4xx_hal_cortex.o
 .text.__NVIC_EnableIRQ
                0x08002474       0x3c ./Drivers/STM32L4xx_HAL_Driver/Src/stm32l4xx_hal_cortex.o
 .text.__NVIC_SetPriority
                0x080024b0       0x54 ./Drivers/STM32L4xx_HAL_Driver/Src/stm32l4xx_hal_cortex.o
 .text.NVIC_EncodePriority
                0x08002504       0x66 ./Drivers/STM32L4xx_HAL_Driver/Src/stm32l4xx_hal_cortex.o
 *fill*         0x0800256a        0x2 
 .text.SysTick_Config
                0x0800256c       0x44 ./Drivers/STM32L4xx_HAL_Driver/Src/stm32l4xx_hal_cortex.o
 .text.HAL_NVIC_SetPriorityGrouping
                0x080025b0       0x16 ./Drivers/STM32L4xx_HAL_Driver/Src/stm32l4xx_hal_cortex.o
                0x080025b0                HAL_NVIC_SetPriorityGrouping
 .text.HAL_NVIC_SetPriority
                0x080025c6       0x38 ./Drivers/STM32L4xx_HAL_Driver/Src/stm32l4xx_hal_cortex.o
                0x080025c6                HAL_NVIC_SetPriority
 .text.HAL_NVIC_EnableIRQ
                0x080025fe       0x1c ./Drivers/STM32L4xx_HAL_Driver/Src/stm32l4xx_hal_cortex.o
                0x080025fe                HAL_NVIC_EnableIRQ
 .text.HAL_SYSTICK_Config
                0x0800261a       0x18 ./Drivers/STM32L4xx_HAL_Driver/Src/stm32l4xx_hal_cortex.o
                0x0800261a                HAL_SYSTICK_Config
 *fill*         0x08002632        0x2 
 .text.HAL_GPIO_Init
                0x08002634      0x354 ./Drivers/STM32L4xx_HAL_Driver/Src/stm32l4xx_hal_gpio.o
                0x08002634                HAL_GPIO_Init
 .text.HAL_GPIO_ReadPin
                0x08002988       0x30 ./Drivers/STM32L4xx_HAL_Driver/Src/stm32l4xx_hal_gpio.o
                0x08002988                HAL_GPIO_ReadPin
 .text.HAL_GPIO_WritePin
                0x080029b8       0x30 ./Drivers/STM32L4xx_HAL_Driver/Src/stm32l4xx_hal_gpio.o
                0x080029b8                HAL_GPIO_WritePin
 .text.HAL_HCD_Init
                0x080029e8       0xc0 ./Drivers/STM32L4xx_HAL_Driver/Src/stm32l4xx_hal_hcd.o
                0x080029e8                HAL_HCD_Init
 .text.HAL_HCD_HC_Init
                0x08002aa8      0x144 ./Drivers/STM32L4xx_HAL_Driver/Src/stm32l4xx_hal_hcd.o
                0x08002aa8                HAL_HCD_HC_Init
 .text.HAL_HCD_HC_Halt
                0x08002bec       0x46 ./Drivers/STM32L4xx_HAL_Driver/Src/stm32l4xx_hal_hcd.o
                0x08002bec                HAL_HCD_HC_Halt
 *fill*         0x08002c32        0x2 
 .text.HAL_HCD_HC_SubmitRequest
                0x08002c34      0x2ec ./Drivers/STM32L4xx_HAL_Driver/Src/stm32l4xx_hal_hcd.o
                0x08002c34                HAL_HCD_HC_SubmitRequest
 .text.HAL_HCD_IRQHandler
                0x08002f20      0x220 ./Drivers/STM32L4xx_HAL_Driver/Src/stm32l4xx_hal_hcd.o
                0x08002f20                HAL_HCD_IRQHandler
 .text.HAL_HCD_Start
                0x08003140       0x46 ./Drivers/STM32L4xx_HAL_Driver/Src/stm32l4xx_hal_hcd.o
                0x08003140                HAL_HCD_Start
 .text.HAL_HCD_Stop
                0x08003186       0x3a ./Drivers/STM32L4xx_HAL_Driver/Src/stm32l4xx_hal_hcd.o
                0x08003186                HAL_HCD_Stop
 .text.HAL_HCD_ResetPort
                0x080031c0       0x1c ./Drivers/STM32L4xx_HAL_Driver/Src/stm32l4xx_hal_hcd.o
                0x080031c0                HAL_HCD_ResetPort
 .text.HAL_HCD_HC_GetURBState
                0x080031dc       0x2a ./Drivers/STM32L4xx_HAL_Driver/Src/stm32l4xx_hal_hcd.o
                0x080031dc                HAL_HCD_HC_GetURBState
 .text.HAL_HCD_HC_GetXferCount
                0x08003206       0x2a ./Drivers/STM32L4xx_HAL_Driver/Src/stm32l4xx_hal_hcd.o
                0x08003206                HAL_HCD_HC_GetXferCount
 .text.HAL_HCD_GetCurrentFrame
                0x08003230       0x1c ./Drivers/STM32L4xx_HAL_Driver/Src/stm32l4xx_hal_hcd.o
                0x08003230                HAL_HCD_GetCurrentFrame
 .text.HAL_HCD_GetCurrentSpeed
                0x0800324c       0x1c ./Drivers/STM32L4xx_HAL_Driver/Src/stm32l4xx_hal_hcd.o
                0x0800324c                HAL_HCD_GetCurrentSpeed
 .text.HAL_HCD_HC_ClearHubInfo
                0x08003268       0x42 ./Drivers/STM32L4xx_HAL_Driver/Src/stm32l4xx_hal_hcd.o
                0x08003268                HAL_HCD_HC_ClearHubInfo
 .text.HCD_HC_IN_IRQHandler
                0x080032aa      0x87e ./Drivers/STM32L4xx_HAL_Driver/Src/stm32l4xx_hal_hcd.o
 .text.HCD_HC_OUT_IRQHandler
                0x08003b28      0x5b4 ./Drivers/STM32L4xx_HAL_Driver/Src/stm32l4xx_hal_hcd.o
 .text.HCD_RXQLVL_IRQHandler
                0x080040dc      0x1c2 ./Drivers/STM32L4xx_HAL_Driver/Src/stm32l4xx_hal_hcd.o
 .text.HCD_Port_IRQHandler
                0x0800429e       0xe6 ./Drivers/STM32L4xx_HAL_Driver/Src/stm32l4xx_hal_hcd.o
 .text.HAL_I2C_Init
                0x08004384      0x136 ./Drivers/STM32L4xx_HAL_Driver/Src/stm32l4xx_hal_i2c.o
                0x08004384                HAL_I2C_Init
 .text.HAL_I2CEx_ConfigAnalogFilter
                0x080044ba       0x96 ./Drivers/STM32L4xx_HAL_Driver/Src/stm32l4xx_hal_i2c_ex.o
                0x080044ba                HAL_I2CEx_ConfigAnalogFilter
 .text.HAL_I2CEx_ConfigDigitalFilter
                0x08004550       0x98 ./Drivers/STM32L4xx_HAL_Driver/Src/stm32l4xx_hal_i2c_ex.o
                0x08004550                HAL_I2CEx_ConfigDigitalFilter
 .text.HAL_LCD_Init
                0x080045e8      0x180 ./Drivers/STM32L4xx_HAL_Driver/Src/stm32l4xx_hal_lcd.o
                0x080045e8                HAL_LCD_Init
 .text.HAL_LCD_Write
                0x08004768       0xb6 ./Drivers/STM32L4xx_HAL_Driver/Src/stm32l4xx_hal_lcd.o
                0x08004768                HAL_LCD_Write
 .text.HAL_LCD_Clear
                0x0800481e       0xac ./Drivers/STM32L4xx_HAL_Driver/Src/stm32l4xx_hal_lcd.o
                0x0800481e                HAL_LCD_Clear
 .text.HAL_LCD_UpdateDisplayRequest
                0x080048ca       0x72 ./Drivers/STM32L4xx_HAL_Driver/Src/stm32l4xx_hal_lcd.o
                0x080048ca                HAL_LCD_UpdateDisplayRequest
 .text.LCD_WaitForSynchro
                0x0800493c       0x42 ./Drivers/STM32L4xx_HAL_Driver/Src/stm32l4xx_hal_lcd.o
                0x0800493c                LCD_WaitForSynchro
 *fill*         0x0800497e        0x2 
 .text.HAL_PWR_EnableBkUpAccess
                0x08004980       0x20 ./Drivers/STM32L4xx_HAL_Driver/Src/stm32l4xx_hal_pwr.o
                0x08004980                HAL_PWR_EnableBkUpAccess
 .text.HAL_PWREx_GetVoltageRange
                0x080049a0       0x1c ./Drivers/STM32L4xx_HAL_Driver/Src/stm32l4xx_hal_pwr_ex.o
                0x080049a0                HAL_PWREx_GetVoltageRange
 .text.HAL_PWREx_ControlVoltageScaling
                0x080049bc       0xac ./Drivers/STM32L4xx_HAL_Driver/Src/stm32l4xx_hal_pwr_ex.o
                0x080049bc                HAL_PWREx_ControlVoltageScaling
 .text.HAL_PWREx_EnableVddUSB
                0x08004a68       0x20 ./Drivers/STM32L4xx_HAL_Driver/Src/stm32l4xx_hal_pwr_ex.o
                0x08004a68                HAL_PWREx_EnableVddUSB
 .text.HAL_QSPI_Init
                0x08004a88       0xec ./Drivers/STM32L4xx_HAL_Driver/Src/stm32l4xx_hal_qspi.o
                0x08004a88                HAL_QSPI_Init
 .text.HAL_QSPI_SetTimeout
                0x08004b74       0x1c ./Drivers/STM32L4xx_HAL_Driver/Src/stm32l4xx_hal_qspi.o
                0x08004b74                HAL_QSPI_SetTimeout
 .text.QSPI_WaitFlagStateUntilTimeout
                0x08004b90       0x6e ./Drivers/STM32L4xx_HAL_Driver/Src/stm32l4xx_hal_qspi.o
 *fill*         0x08004bfe        0x2 
 .text.HAL_RCC_OscConfig
                0x08004c00      0x7b8 ./Drivers/STM32L4xx_HAL_Driver/Src/stm32l4xx_hal_rcc.o
                0x08004c00                HAL_RCC_OscConfig
 .text.HAL_RCC_ClockConfig
                0x080053b8      0x200 ./Drivers/STM32L4xx_HAL_Driver/Src/stm32l4xx_hal_rcc.o
                0x080053b8                HAL_RCC_ClockConfig
 .text.HAL_RCC_GetSysClockFreq
                0x080055b8      0x118 ./Drivers/STM32L4xx_HAL_Driver/Src/stm32l4xx_hal_rcc.o
                0x080055b8                HAL_RCC_GetSysClockFreq
 .text.HAL_RCC_GetHCLKFreq
                0x080056d0       0x18 ./Drivers/STM32L4xx_HAL_Driver/Src/stm32l4xx_hal_rcc.o
                0x080056d0                HAL_RCC_GetHCLKFreq
 .text.HAL_RCC_GetPCLK1Freq
                0x080056e8       0x2c ./Drivers/STM32L4xx_HAL_Driver/Src/stm32l4xx_hal_rcc.o
                0x080056e8                HAL_RCC_GetPCLK1Freq
 .text.HAL_RCC_GetPCLK2Freq
                0x08005714       0x2c ./Drivers/STM32L4xx_HAL_Driver/Src/stm32l4xx_hal_rcc.o
                0x08005714                HAL_RCC_GetPCLK2Freq
 .text.RCC_SetFlashLatencyFromMSIRange
                0x08005740       0xc0 ./Drivers/STM32L4xx_HAL_Driver/Src/stm32l4xx_hal_rcc.o
 .text.HAL_RCCEx_PeriphCLKConfig
                0x08005800      0x5d4 ./Drivers/STM32L4xx_HAL_Driver/Src/stm32l4xx_hal_rcc_ex.o
                0x08005800                HAL_RCCEx_PeriphCLKConfig
 .text.HAL_RCCEx_GetPeriphCLKFreq
                0x08005dd4      0xadc ./Drivers/STM32L4xx_HAL_Driver/Src/stm32l4xx_hal_rcc_ex.o
                0x08005dd4                HAL_RCCEx_GetPeriphCLKFreq
 .text.HAL_RCCEx_EnableMSIPLLMode
                0x080068b0       0x20 ./Drivers/STM32L4xx_HAL_Driver/Src/stm32l4xx_hal_rcc_ex.o
                0x080068b0                HAL_RCCEx_EnableMSIPLLMode
 .text.RCCEx_PLLSAI1_Config
                0x080068d0      0x1e8 ./Drivers/STM32L4xx_HAL_Driver/Src/stm32l4xx_hal_rcc_ex.o
 .text.RCCEx_PLLSAI2_Config
                0x08006ab8      0x1bc ./Drivers/STM32L4xx_HAL_Driver/Src/stm32l4xx_hal_rcc_ex.o
 .text.RCCEx_GetSAIxPeriphCLKFreq
                0x08006c74      0x1e0 ./Drivers/STM32L4xx_HAL_Driver/Src/stm32l4xx_hal_rcc_ex.o
 .text.HAL_RTC_Init
                0x08006e54      0x110 ./Drivers/STM32L4xx_HAL_Driver/Src/stm32l4xx_hal_rtc.o
                0x08006e54                HAL_RTC_Init
 .text.HAL_RTC_SetTime
                0x08006f64      0x13a ./Drivers/STM32L4xx_HAL_Driver/Src/stm32l4xx_hal_rtc.o
                0x08006f64                HAL_RTC_SetTime
 .text.HAL_RTC_GetTime
                0x0800709e       0xb8 ./Drivers/STM32L4xx_HAL_Driver/Src/stm32l4xx_hal_rtc.o
                0x0800709e                HAL_RTC_GetTime
 .text.HAL_RTC_SetDate
                0x08007156      0x10e ./Drivers/STM32L4xx_HAL_Driver/Src/stm32l4xx_hal_rtc.o
                0x08007156                HAL_RTC_SetDate
 .text.HAL_RTC_GetDate
                0x08007264       0x9a ./Drivers/STM32L4xx_HAL_Driver/Src/stm32l4xx_hal_rtc.o
                0x08007264                HAL_RTC_GetDate
 *fill*         0x080072fe        0x2 
 .text.HAL_RTC_WaitForSynchro
                0x08007300       0x48 ./Drivers/STM32L4xx_HAL_Driver/Src/stm32l4xx_hal_rtc.o
                0x08007300                HAL_RTC_WaitForSynchro
 .text.RTC_EnterInitMode
                0x08007348       0x66 ./Drivers/STM32L4xx_HAL_Driver/Src/stm32l4xx_hal_rtc.o
                0x08007348                RTC_EnterInitMode
 *fill*         0x080073ae        0x2 
 .text.RTC_ExitInitMode
                0x080073b0       0x7c ./Drivers/STM32L4xx_HAL_Driver/Src/stm32l4xx_hal_rtc.o
                0x080073b0                RTC_ExitInitMode
 .text.RTC_ByteToBcd2
                0x0800742c       0x40 ./Drivers/STM32L4xx_HAL_Driver/Src/stm32l4xx_hal_rtc.o
                0x0800742c                RTC_ByteToBcd2
 .text.RTC_Bcd2ToByte
                0x0800746c       0x34 ./Drivers/STM32L4xx_HAL_Driver/Src/stm32l4xx_hal_rtc.o
                0x0800746c                RTC_Bcd2ToByte
 .text.HAL_SAI_Init
                0x080074a0      0x2e4 ./Drivers/STM32L4xx_HAL_Driver/Src/stm32l4xx_hal_sai.o
                0x080074a0                HAL_SAI_Init
 .text.SAI_Disable
                0x08007784       0x74 ./Drivers/STM32L4xx_HAL_Driver/Src/stm32l4xx_hal_sai.o
 .text.HAL_SPI_Init
                0x080077f8      0x146 ./Drivers/STM32L4xx_HAL_Driver/Src/stm32l4xx_hal_spi.o
                0x080077f8                HAL_SPI_Init
 .text.HAL_UART_Init
                0x0800793e       0x9c ./Drivers/STM32L4xx_HAL_Driver/Src/stm32l4xx_hal_uart.o
                0x0800793e                HAL_UART_Init
 *fill*         0x080079da        0x2 
 .text.UART_SetConfig
                0x080079dc      0x570 ./Drivers/STM32L4xx_HAL_Driver/Src/stm32l4xx_hal_uart.o
                0x080079dc                UART_SetConfig
 .text.UART_AdvFeatureConfig
                0x08007f4c      0x144 ./Drivers/STM32L4xx_HAL_Driver/Src/stm32l4xx_hal_uart.o
                0x08007f4c                UART_AdvFeatureConfig
 .text.UART_CheckIdleState
                0x08008090      0x150 ./Drivers/STM32L4xx_HAL_Driver/Src/stm32l4xx_hal_uart.o
                0x08008090                UART_CheckIdleState
 .text.UART_WaitOnFlagUntilTimeout
                0x080081e0       0xda ./Drivers/STM32L4xx_HAL_Driver/Src/stm32l4xx_hal_uart.o
                0x080081e0                UART_WaitOnFlagUntilTimeout
 .text.UART_EndRxTransfer
                0x080082ba       0xc8 ./Drivers/STM32L4xx_HAL_Driver/Src/stm32l4xx_hal_uart.o
 .text.USB_CoreInit
                0x08008382       0x5a ./Drivers/STM32L4xx_HAL_Driver/Src/stm32l4xx_ll_usb.o
                0x08008382                USB_CoreInit
 .text.USB_EnableGlobalInt
                0x080083dc       0x22 ./Drivers/STM32L4xx_HAL_Driver/Src/stm32l4xx_ll_usb.o
                0x080083dc                USB_EnableGlobalInt
 .text.USB_DisableGlobalInt
                0x080083fe       0x22 ./Drivers/STM32L4xx_HAL_Driver/Src/stm32l4xx_ll_usb.o
                0x080083fe                USB_DisableGlobalInt
 .text.USB_SetCurrentMode
                0x08008420       0x98 ./Drivers/STM32L4xx_HAL_Driver/Src/stm32l4xx_ll_usb.o
                0x08008420                USB_SetCurrentMode
 .text.USB_FlushTxFifo
                0x080084b8       0x64 ./Drivers/STM32L4xx_HAL_Driver/Src/stm32l4xx_ll_usb.o
                0x080084b8                USB_FlushTxFifo
 .text.USB_FlushRxFifo
                0x0800851c       0x5c ./Drivers/STM32L4xx_HAL_Driver/Src/stm32l4xx_ll_usb.o
                0x0800851c                USB_FlushRxFifo
 .text.USB_WritePacket
                0x08008578       0x74 ./Drivers/STM32L4xx_HAL_Driver/Src/stm32l4xx_ll_usb.o
                0x08008578                USB_WritePacket
 .text.USB_ReadPacket
                0x080085ec       0xb0 ./Drivers/STM32L4xx_HAL_Driver/Src/stm32l4xx_ll_usb.o
                0x080085ec                USB_ReadPacket
 .text.USB_ReadInterrupts
                0x0800869c       0x26 ./Drivers/STM32L4xx_HAL_Driver/Src/stm32l4xx_ll_usb.o
                0x0800869c                USB_ReadInterrupts
 .text.USB_ReadChInterrupts
                0x080086c2       0x42 ./Drivers/STM32L4xx_HAL_Driver/Src/stm32l4xx_ll_usb.o
                0x080086c2                USB_ReadChInterrupts
 .text.USB_GetMode
                0x08008704       0x1c ./Drivers/STM32L4xx_HAL_Driver/Src/stm32l4xx_ll_usb.o
                0x08008704                USB_GetMode
 .text.USB_CoreReset
                0x08008720       0x62 ./Drivers/STM32L4xx_HAL_Driver/Src/stm32l4xx_ll_usb.o
 *fill*         0x08008782        0x2 
 .text.USB_HostInit
                0x08008784      0x108 ./Drivers/STM32L4xx_HAL_Driver/Src/stm32l4xx_ll_usb.o
                0x08008784                USB_HostInit
 .text.USB_InitFSLSPClkSel
                0x0800888c       0x7a ./Drivers/STM32L4xx_HAL_Driver/Src/stm32l4xx_ll_usb.o
                0x0800888c                USB_InitFSLSPClkSel
 .text.USB_ResetPort
                0x08008906       0x54 ./Drivers/STM32L4xx_HAL_Driver/Src/stm32l4xx_ll_usb.o
                0x08008906                USB_ResetPort
 .text.USB_DriveVbus
                0x0800895a       0x72 ./Drivers/STM32L4xx_HAL_Driver/Src/stm32l4xx_ll_usb.o
                0x0800895a                USB_DriveVbus
 .text.USB_GetHostSpeed
                0x080089cc       0x2e ./Drivers/STM32L4xx_HAL_Driver/Src/stm32l4xx_ll_usb.o
                0x080089cc                USB_GetHostSpeed
 .text.USB_GetCurrentFrame
                0x080089fa       0x22 ./Drivers/STM32L4xx_HAL_Driver/Src/stm32l4xx_ll_usb.o
                0x080089fa                USB_GetCurrentFrame
 .text.USB_HC_Init
                0x08008a1c      0x218 ./Drivers/STM32L4xx_HAL_Driver/Src/stm32l4xx_ll_usb.o
                0x08008a1c                USB_HC_Init
 .text.USB_HC_StartXfer
                0x08008c34      0x1f0 ./Drivers/STM32L4xx_HAL_Driver/Src/stm32l4xx_ll_usb.o
                0x08008c34                USB_HC_StartXfer
 .text.USB_HC_ReadInterrupt
                0x08008e24       0x22 ./Drivers/STM32L4xx_HAL_Driver/Src/stm32l4xx_ll_usb.o
                0x08008e24                USB_HC_ReadInterrupt
 .text.USB_HC_Halt
                0x08008e46      0x240 ./Drivers/STM32L4xx_HAL_Driver/Src/stm32l4xx_ll_usb.o
                0x08008e46                USB_HC_Halt
 .text.USB_StopHost
                0x08009086      0x124 ./Drivers/STM32L4xx_HAL_Driver/Src/stm32l4xx_ll_usb.o
                0x08009086                USB_StopHost
 .text.USBH_CDC_InterfaceInit
                0x080091aa      0x2ac ./Middlewares/ST/STM32_USB_Host_Library/Class/CDC/Src/usbh_cdc.o
 .text.USBH_CDC_InterfaceDeInit
                0x08009456       0xb2 ./Middlewares/ST/STM32_USB_Host_Library/Class/CDC/Src/usbh_cdc.o
 .text.USBH_CDC_ClassRequest
                0x08009508       0x3e ./Middlewares/ST/STM32_USB_Host_Library/Class/CDC/Src/usbh_cdc.o
 *fill*         0x08009546        0x2 
 .text.USBH_CDC_Process
                0x08009548      0x12c ./Middlewares/ST/STM32_USB_Host_Library/Class/CDC/Src/usbh_cdc.o
 .text.USBH_CDC_SOFProcess
                0x08009674       0x16 ./Middlewares/ST/STM32_USB_Host_Library/Class/CDC/Src/usbh_cdc.o
 .text.GetLineCoding
                0x0800968a       0x3e ./Middlewares/ST/STM32_USB_Host_Library/Class/CDC/Src/usbh_cdc.o
 .text.SetLineCoding
                0x080096c8       0x3e ./Middlewares/ST/STM32_USB_Host_Library/Class/CDC/Src/usbh_cdc.o
 .text.CDC_ProcessTransmission
                0x08009706       0xec ./Middlewares/ST/STM32_USB_Host_Library/Class/CDC/Src/usbh_cdc.o
 .text.CDC_ProcessReception
                0x080097f2       0xb6 ./Middlewares/ST/STM32_USB_Host_Library/Class/CDC/Src/usbh_cdc.o
 .text.USBH_CDC_TransmitCallback
                0x080098a8       0x14 ./Middlewares/ST/STM32_USB_Host_Library/Class/CDC/Src/usbh_cdc.o
                0x080098a8                USBH_CDC_TransmitCallback
 .text.USBH_CDC_ReceiveCallback
                0x080098bc       0x14 ./Middlewares/ST/STM32_USB_Host_Library/Class/CDC/Src/usbh_cdc.o
                0x080098bc                USBH_CDC_ReceiveCallback
 .text.USBH_CDC_LineCodingChanged
                0x080098d0       0x14 ./Middlewares/ST/STM32_USB_Host_Library/Class/CDC/Src/usbh_cdc.o
                0x080098d0                USBH_CDC_LineCodingChanged
 .text.USBH_Init
                0x080098e4       0x74 ./Middlewares/ST/STM32_USB_Host_Library/Core/Src/usbh_core.o
                0x080098e4                USBH_Init
 .text.DeInitStateMachine
                0x08009958       0xe6 ./Middlewares/ST/STM32_USB_Host_Library/Core/Src/usbh_core.o
 .text.USBH_RegisterClass
                0x08009a3e       0x54 ./Middlewares/ST/STM32_USB_Host_Library/Core/Src/usbh_core.o
                0x08009a3e                USBH_RegisterClass
 .text.USBH_SelectInterface
                0x08009a92       0x38 ./Middlewares/ST/STM32_USB_Host_Library/Core/Src/usbh_core.o
                0x08009a92                USBH_SelectInterface
 .text.USBH_FindInterface
                0x08009aca       0x8c ./Middlewares/ST/STM32_USB_Host_Library/Core/Src/usbh_core.o
                0x08009aca                USBH_FindInterface
 .text.USBH_Start
                0x08009b56       0x20 ./Middlewares/ST/STM32_USB_Host_Library/Core/Src/usbh_core.o
                0x08009b56                USBH_Start
 *fill*         0x08009b76        0x2 
 .text.USBH_Process
                0x08009b78      0x3d0 ./Middlewares/ST/STM32_USB_Host_Library/Core/Src/usbh_core.o
                0x08009b78                USBH_Process
 .text.USBH_HandleEnum
                0x08009f48      0x3c0 ./Middlewares/ST/STM32_USB_Host_Library/Core/Src/usbh_core.o
 .text.USBH_LL_SetTimer
                0x0800a308       0x1e ./Middlewares/ST/STM32_USB_Host_Library/Core/Src/usbh_core.o
                0x0800a308                USBH_LL_SetTimer
 .text.USBH_LL_IncTimer
                0x0800a326       0x24 ./Middlewares/ST/STM32_USB_Host_Library/Core/Src/usbh_core.o
                0x0800a326                USBH_LL_IncTimer
 .text.USBH_HandleSof
                0x0800a34a       0x30 ./Middlewares/ST/STM32_USB_Host_Library/Core/Src/usbh_core.o
 .text.USBH_LL_PortEnabled
                0x0800a37a       0x1c ./Middlewares/ST/STM32_USB_Host_Library/Core/Src/usbh_core.o
                0x0800a37a                USBH_LL_PortEnabled
 .text.USBH_LL_PortDisabled
                0x0800a396       0x1c ./Middlewares/ST/STM32_USB_Host_Library/Core/Src/usbh_core.o
                0x0800a396                USBH_LL_PortDisabled
 .text.USBH_LL_Connect
                0x0800a3b2       0x2e ./Middlewares/ST/STM32_USB_Host_Library/Core/Src/usbh_core.o
                0x0800a3b2                USBH_LL_Connect
 .text.USBH_LL_Disconnect
                0x0800a3e0       0x48 ./Middlewares/ST/STM32_USB_Host_Library/Core/Src/usbh_core.o
                0x0800a3e0                USBH_LL_Disconnect
 .text.USBH_Get_DevDesc
                0x0800a428       0x58 ./Middlewares/ST/STM32_USB_Host_Library/Core/Src/usbh_ctlreq.o
                0x0800a428                USBH_Get_DevDesc
 .text.USBH_Get_CfgDesc
                0x0800a480       0x54 ./Middlewares/ST/STM32_USB_Host_Library/Core/Src/usbh_ctlreq.o
                0x0800a480                USBH_Get_CfgDesc
 .text.USBH_Get_StringDesc
                0x0800a4d4       0x68 ./Middlewares/ST/STM32_USB_Host_Library/Core/Src/usbh_ctlreq.o
                0x0800a4d4                USBH_Get_StringDesc
 .text.USBH_GetDescriptor
                0x0800a53c       0x6a ./Middlewares/ST/STM32_USB_Host_Library/Core/Src/usbh_ctlreq.o
                0x0800a53c                USBH_GetDescriptor
 .text.USBH_SetAddress
                0x0800a5a6       0x48 ./Middlewares/ST/STM32_USB_Host_Library/Core/Src/usbh_ctlreq.o
                0x0800a5a6                USBH_SetAddress
 .text.USBH_SetCfg
                0x0800a5ee       0x46 ./Middlewares/ST/STM32_USB_Host_Library/Core/Src/usbh_ctlreq.o
                0x0800a5ee                USBH_SetCfg
 .text.USBH_SetFeature
                0x0800a634       0x48 ./Middlewares/ST/STM32_USB_Host_Library/Core/Src/usbh_ctlreq.o
                0x0800a634                USBH_SetFeature
 .text.USBH_ClrFeature
                0x0800a67c       0x48 ./Middlewares/ST/STM32_USB_Host_Library/Core/Src/usbh_ctlreq.o
                0x0800a67c                USBH_ClrFeature
 .text.USBH_ParseDevDesc
                0x0800a6c4      0x160 ./Middlewares/ST/STM32_USB_Host_Library/Core/Src/usbh_ctlreq.o
 .text.USBH_ParseCfgDesc
                0x0800a824      0x1f0 ./Middlewares/ST/STM32_USB_Host_Library/Core/Src/usbh_ctlreq.o
 .text.USBH_ParseInterfaceDesc
                0x0800aa14       0x68 ./Middlewares/ST/STM32_USB_Host_Library/Core/Src/usbh_ctlreq.o
 .text.USBH_ParseEPDesc
                0x0800aa7c      0x1d0 ./Middlewares/ST/STM32_USB_Host_Library/Core/Src/usbh_ctlreq.o
 .text.USBH_ParseStringDesc
                0x0800ac4c       0x66 ./Middlewares/ST/STM32_USB_Host_Library/Core/Src/usbh_ctlreq.o
 .text.USBH_GetNextDesc
                0x0800acb2       0x34 ./Middlewares/ST/STM32_USB_Host_Library/Core/Src/usbh_ctlreq.o
                0x0800acb2                USBH_GetNextDesc
 .text.USBH_CtlReq
                0x0800ace6       0x7a ./Middlewares/ST/STM32_USB_Host_Library/Core/Src/usbh_ctlreq.o
                0x0800ace6                USBH_CtlReq
 .text.USBH_HandleControl
                0x0800ad60      0x2e8 ./Middlewares/ST/STM32_USB_Host_Library/Core/Src/usbh_ctlreq.o
 .text.USBH_CtlSendSetup
                0x0800b048       0x34 ./Middlewares/ST/STM32_USB_Host_Library/Core/Src/usbh_ioreq.o
                0x0800b048                USBH_CtlSendSetup
 .text.USBH_CtlSendData
                0x0800b07c       0x4a ./Middlewares/ST/STM32_USB_Host_Library/Core/Src/usbh_ioreq.o
                0x0800b07c                USBH_CtlSendData
 .text.USBH_CtlReceiveData
                0x0800b0c6       0x3c ./Middlewares/ST/STM32_USB_Host_Library/Core/Src/usbh_ioreq.o
                0x0800b0c6                USBH_CtlReceiveData
 .text.USBH_BulkSendData
                0x0800b102       0x4a ./Middlewares/ST/STM32_USB_Host_Library/Core/Src/usbh_ioreq.o
                0x0800b102                USBH_BulkSendData
 .text.USBH_BulkReceiveData
                0x0800b14c       0x3c ./Middlewares/ST/STM32_USB_Host_Library/Core/Src/usbh_ioreq.o
                0x0800b14c                USBH_BulkReceiveData
 .text.USBH_OpenPipe
                0x0800b188       0x3e ./Middlewares/ST/STM32_USB_Host_Library/Core/Src/usbh_pipes.o
                0x0800b188                USBH_OpenPipe
 .text.USBH_ClosePipe
                0x0800b1c6       0x20 ./Middlewares/ST/STM32_USB_Host_Library/Core/Src/usbh_pipes.o
                0x0800b1c6                USBH_ClosePipe
 .text.USBH_AllocPipe
                0x0800b1e6       0x42 ./Middlewares/ST/STM32_USB_Host_Library/Core/Src/usbh_pipes.o
                0x0800b1e6                USBH_AllocPipe
 .text.USBH_FreePipe
                0x0800b228       0x3c ./Middlewares/ST/STM32_USB_Host_Library/Core/Src/usbh_pipes.o
                0x0800b228                USBH_FreePipe
 .text.USBH_GetFreePipe
                0x0800b264       0x48 ./Middlewares/ST/STM32_USB_Host_Library/Core/Src/usbh_pipes.o
 .text.MX_USB_HOST_Init
                0x0800b2ac       0x4c ./USB_HOST/App/usb_host.o
                0x0800b2ac                MX_USB_HOST_Init
 .text.MX_USB_HOST_Process
                0x0800b2f8       0x14 ./USB_HOST/App/usb_host.o
                0x0800b2f8                MX_USB_HOST_Process
 .text.USBH_UserProcess
                0x0800b30c       0x5c ./USB_HOST/App/usb_host.o
 .text.HAL_HCD_MspInit
                0x0800b368       0xcc ./USB_HOST/Target/usbh_conf.o
                0x0800b368                HAL_HCD_MspInit
 .text.HAL_HCD_SOF_Callback
                0x0800b434       0x1c ./USB_HOST/Target/usbh_conf.o
                0x0800b434                HAL_HCD_SOF_Callback
 .text.HAL_HCD_Connect_Callback
                0x0800b450       0x1c ./USB_HOST/Target/usbh_conf.o
                0x0800b450                HAL_HCD_Connect_Callback
 .text.HAL_HCD_Disconnect_Callback
                0x0800b46c       0x1c ./USB_HOST/Target/usbh_conf.o
                0x0800b46c                HAL_HCD_Disconnect_Callback
 .text.HAL_HCD_HC_NotifyURBChange_Callback
                0x0800b488       0x1c ./USB_HOST/Target/usbh_conf.o
                0x0800b488                HAL_HCD_HC_NotifyURBChange_Callback
 .text.HAL_HCD_PortEnabled_Callback
                0x0800b4a4       0x1c ./USB_HOST/Target/usbh_conf.o
                0x0800b4a4                HAL_HCD_PortEnabled_Callback
 .text.HAL_HCD_PortDisabled_Callback
                0x0800b4c0       0x1c ./USB_HOST/Target/usbh_conf.o
                0x0800b4c0                HAL_HCD_PortDisabled_Callback
 .text.USBH_LL_Init
                0x0800b4dc       0x78 ./USB_HOST/Target/usbh_conf.o
                0x0800b4dc                USBH_LL_Init
 .text.USBH_LL_Start
                0x0800b554       0x36 ./USB_HOST/Target/usbh_conf.o
                0x0800b554                USBH_LL_Start
 .text.USBH_LL_Stop
                0x0800b58a       0x36 ./USB_HOST/Target/usbh_conf.o
                0x0800b58a                USBH_LL_Stop
 .text.USBH_LL_GetSpeed
                0x0800b5c0       0x4e ./USB_HOST/Target/usbh_conf.o
                0x0800b5c0                USBH_LL_GetSpeed
 .text.USBH_LL_ResetPort
                0x0800b60e       0x36 ./USB_HOST/Target/usbh_conf.o
                0x0800b60e                USBH_LL_ResetPort
 .text.USBH_LL_GetLastXferSize
                0x0800b644       0x26 ./USB_HOST/Target/usbh_conf.o
                0x0800b644                USBH_LL_GetLastXferSize
 .text.USBH_LL_OpenPipe
                0x0800b66a       0x5e ./USB_HOST/Target/usbh_conf.o
                0x0800b66a                USBH_LL_OpenPipe
 .text.USBH_LL_ClosePipe
                0x0800b6c8       0x3e ./USB_HOST/Target/usbh_conf.o
                0x0800b6c8                USBH_LL_ClosePipe
 .text.USBH_LL_SubmitURB
                0x0800b706       0x62 ./USB_HOST/Target/usbh_conf.o
                0x0800b706                USBH_LL_SubmitURB
 .text.USBH_LL_GetURBState
                0x0800b768       0x26 ./USB_HOST/Target/usbh_conf.o
                0x0800b768                USBH_LL_GetURBState
 .text.USBH_LL_DriverVBUS
                0x0800b78e       0x2e ./USB_HOST/Target/usbh_conf.o
                0x0800b78e                USBH_LL_DriverVBUS
 .text.USBH_LL_SetToggle
                0x0800b7bc       0x6a ./USB_HOST/Target/usbh_conf.o
                0x0800b7bc                USBH_LL_SetToggle
 .text.USBH_Delay
                0x0800b826       0x16 ./USB_HOST/Target/usbh_conf.o
                0x0800b826                USBH_Delay
 .text.USBH_Get_USB_Status
                0x0800b83c       0x58 ./USB_HOST/Target/usbh_conf.o
                0x0800b83c                USBH_Get_USB_Status
 .text.MX_DriverVbusFS
                0x0800b894       0x38 ./USB_HOST/Target/usbh_platform.o
                0x0800b894                MX_DriverVbusFS
 .text.__itoa   0x0800b8cc       0x30 C:/ST/STM32CubeIDE_1.17.0/STM32CubeIDE/plugins/com.st.stm32cube.ide.mcu.externaltools.gnu-tools-for-stm32.12.3.rel1.win32_1.1.0.202410251130/tools/bin/../lib/gcc/arm-none-eabi/12.3.1/../../../../arm-none-eabi/lib/thumb/v7e-m+fp/hard\libc_nano.a(libc_a-itoa.o)
                0x0800b8cc                __itoa
 .text.itoa     0x0800b8fc        0x4 C:/ST/STM32CubeIDE_1.17.0/STM32CubeIDE/plugins/com.st.stm32cube.ide.mcu.externaltools.gnu-tools-for-stm32.12.3.rel1.win32_1.1.0.202410251130/tools/bin/../lib/gcc/arm-none-eabi/12.3.1/../../../../arm-none-eabi/lib/thumb/v7e-m+fp/hard\libc_nano.a(libc_a-itoa.o)
                0x0800b8fc                itoa
 .text.malloc   0x0800b900       0x10 C:/ST/STM32CubeIDE_1.17.0/STM32CubeIDE/plugins/com.st.stm32cube.ide.mcu.externaltools.gnu-tools-for-stm32.12.3.rel1.win32_1.1.0.202410251130/tools/bin/../lib/gcc/arm-none-eabi/12.3.1/../../../../arm-none-eabi/lib/thumb/v7e-m+fp/hard\libc_nano.a(libc_a-malloc.o)
                0x0800b900                malloc
 .text.free     0x0800b910       0x10 C:/ST/STM32CubeIDE_1.17.0/STM32CubeIDE/plugins/com.st.stm32cube.ide.mcu.externaltools.gnu-tools-for-stm32.12.3.rel1.win32_1.1.0.202410251130/tools/bin/../lib/gcc/arm-none-eabi/12.3.1/../../../../arm-none-eabi/lib/thumb/v7e-m+fp/hard\libc_nano.a(libc_a-malloc.o)
                0x0800b910                free
 .text.sbrk_aligned
                0x0800b920       0x44 C:/ST/STM32CubeIDE_1.17.0/STM32CubeIDE/plugins/com.st.stm32cube.ide.mcu.externaltools.gnu-tools-for-stm32.12.3.rel1.win32_1.1.0.202410251130/tools/bin/../lib/gcc/arm-none-eabi/12.3.1/../../../../arm-none-eabi/lib/thumb/v7e-m+fp/hard\libc_nano.a(libc_a-mallocr.o)
 .text._malloc_r
                0x0800b964      0x100 C:/ST/STM32CubeIDE_1.17.0/STM32CubeIDE/plugins/com.st.stm32cube.ide.mcu.externaltools.gnu-tools-for-stm32.12.3.rel1.win32_1.1.0.202410251130/tools/bin/../lib/gcc/arm-none-eabi/12.3.1/../../../../arm-none-eabi/lib/thumb/v7e-m+fp/hard\libc_nano.a(libc_a-mallocr.o)
                0x0800b964                _malloc_r
 .text.__malloc_lock
                0x0800ba64        0xc C:/ST/STM32CubeIDE_1.17.0/STM32CubeIDE/plugins/com.st.stm32cube.ide.mcu.externaltools.gnu-tools-for-stm32.12.3.rel1.win32_1.1.0.202410251130/tools/bin/../lib/gcc/arm-none-eabi/12.3.1/../../../../arm-none-eabi/lib/thumb/v7e-m+fp/hard\libc_nano.a(libc_a-mlock.o)
                0x0800ba64                __malloc_lock
 .text.__malloc_unlock
                0x0800ba70        0xc C:/ST/STM32CubeIDE_1.17.0/STM32CubeIDE/plugins/com.st.stm32cube.ide.mcu.externaltools.gnu-tools-for-stm32.12.3.rel1.win32_1.1.0.202410251130/tools/bin/../lib/gcc/arm-none-eabi/12.3.1/../../../../arm-none-eabi/lib/thumb/v7e-m+fp/hard\libc_nano.a(libc_a-mlock.o)
                0x0800ba70                __malloc_unlock
 .text.__utoa   0x0800ba7c       0x84 C:/ST/STM32CubeIDE_1.17.0/STM32CubeIDE/plugins/com.st.stm32cube.ide.mcu.externaltools.gnu-tools-for-stm32.12.3.rel1.win32_1.1.0.202410251130/tools/bin/../lib/gcc/arm-none-eabi/12.3.1/../../../../arm-none-eabi/lib/thumb/v7e-m+fp/hard\libc_nano.a(libc_a-utoa.o)
                0x0800ba7c                __utoa
 .text.memset   0x0800bb00       0x10 C:/ST/STM32CubeIDE_1.17.0/STM32CubeIDE/plugins/com.st.stm32cube.ide.mcu.externaltools.gnu-tools-for-stm32.12.3.rel1.win32_1.1.0.202410251130/tools/bin/../lib/gcc/arm-none-eabi/12.3.1/../../../../arm-none-eabi/lib/thumb/v7e-m+fp/hard\libc_nano.a(libc_a-memset.o)
                0x0800bb00                memset
 .text._sbrk_r  0x0800bb10       0x20 C:/ST/STM32CubeIDE_1.17.0/STM32CubeIDE/plugins/com.st.stm32cube.ide.mcu.externaltools.gnu-tools-for-stm32.12.3.rel1.win32_1.1.0.202410251130/tools/bin/../lib/gcc/arm-none-eabi/12.3.1/../../../../arm-none-eabi/lib/thumb/v7e-m+fp/hard\libc_nano.a(libc_a-sbrkr.o)
                0x0800bb10                _sbrk_r
 .text.__errno  0x0800bb30        0xc C:/ST/STM32CubeIDE_1.17.0/STM32CubeIDE/plugins/com.st.stm32cube.ide.mcu.externaltools.gnu-tools-for-stm32.12.3.rel1.win32_1.1.0.202410251130/tools/bin/../lib/gcc/arm-none-eabi/12.3.1/../../../../arm-none-eabi/lib/thumb/v7e-m+fp/hard\libc_nano.a(libc_a-errno.o)
                0x0800bb30                __errno
 .text.__libc_init_array
                0x0800bb3c       0x48 C:/ST/STM32CubeIDE_1.17.0/STM32CubeIDE/plugins/com.st.stm32cube.ide.mcu.externaltools.gnu-tools-for-stm32.12.3.rel1.win32_1.1.0.202410251130/tools/bin/../lib/gcc/arm-none-eabi/12.3.1/../../../../arm-none-eabi/lib/thumb/v7e-m+fp/hard\libc_nano.a(libc_a-init.o)
                0x0800bb3c                __libc_init_array
 .text.__retarget_lock_acquire_recursive
                0x0800bb84        0x2 C:/ST/STM32CubeIDE_1.17.0/STM32CubeIDE/plugins/com.st.stm32cube.ide.mcu.externaltools.gnu-tools-for-stm32.12.3.rel1.win32_1.1.0.202410251130/tools/bin/../lib/gcc/arm-none-eabi/12.3.1/../../../../arm-none-eabi/lib/thumb/v7e-m+fp/hard\libc_nano.a(libc_a-lock.o)
                0x0800bb84                __retarget_lock_acquire_recursive
 .text.__retarget_lock_release_recursive
                0x0800bb86        0x2 C:/ST/STM32CubeIDE_1.17.0/STM32CubeIDE/plugins/com.st.stm32cube.ide.mcu.externaltools.gnu-tools-for-stm32.12.3.rel1.win32_1.1.0.202410251130/tools/bin/../lib/gcc/arm-none-eabi/12.3.1/../../../../arm-none-eabi/lib/thumb/v7e-m+fp/hard\libc_nano.a(libc_a-lock.o)
                0x0800bb86                __retarget_lock_release_recursive
 .text._free_r  0x0800bb88       0x94 C:/ST/STM32CubeIDE_1.17.0/STM32CubeIDE/plugins/com.st.stm32cube.ide.mcu.externaltools.gnu-tools-for-stm32.12.3.rel1.win32_1.1.0.202410251130/tools/bin/../lib/gcc/arm-none-eabi/12.3.1/../../../../arm-none-eabi/lib/thumb/v7e-m+fp/hard\libc_nano.a(libc_a-freer.o)
                0x0800bb88                _free_r
 *(.glue_7)
 .glue_7        0x0800bc1c        0x0 linker stubs
 *(.glue_7t)
 .glue_7t       0x0800bc1c        0x0 linker stubs
 *(.eh_frame)
 .eh_frame      0x0800bc1c        0x0 C:/ST/STM32CubeIDE_1.17.0/STM32CubeIDE/plugins/com.st.stm32cube.ide.mcu.externaltools.gnu-tools-for-stm32.12.3.rel1.win32_1.1.0.202410251130/tools/bin/../lib/gcc/arm-none-eabi/12.3.1/thumb/v7e-m+fp/hard/crtbegin.o
 *(.init)
 .init          0x0800bc1c        0x4 C:/ST/STM32CubeIDE_1.17.0/STM32CubeIDE/plugins/com.st.stm32cube.ide.mcu.externaltools.gnu-tools-for-stm32.12.3.rel1.win32_1.1.0.202410251130/tools/bin/../lib/gcc/arm-none-eabi/12.3.1/thumb/v7e-m+fp/hard/crti.o
                0x0800bc1c                _init
 .init          0x0800bc20        0x8 C:/ST/STM32CubeIDE_1.17.0/STM32CubeIDE/plugins/com.st.stm32cube.ide.mcu.externaltools.gnu-tools-for-stm32.12.3.rel1.win32_1.1.0.202410251130/tools/bin/../lib/gcc/arm-none-eabi/12.3.1/thumb/v7e-m+fp/hard/crtn.o
 *(.fini)
 .fini          0x0800bc28        0x4 C:/ST/STM32CubeIDE_1.17.0/STM32CubeIDE/plugins/com.st.stm32cube.ide.mcu.externaltools.gnu-tools-for-stm32.12.3.rel1.win32_1.1.0.202410251130/tools/bin/../lib/gcc/arm-none-eabi/12.3.1/thumb/v7e-m+fp/hard/crti.o
                0x0800bc28                _fini
 .fini          0x0800bc2c        0x8 C:/ST/STM32CubeIDE_1.17.0/STM32CubeIDE/plugins/com.st.stm32cube.ide.mcu.externaltools.gnu-tools-for-stm32.12.3.rel1.win32_1.1.0.202410251130/tools/bin/../lib/gcc/arm-none-eabi/12.3.1/thumb/v7e-m+fp/hard/crtn.o
                0x0800bc34                        . = ALIGN (0x4)
                0x0800bc34                        _etext = .

.vfp11_veneer   0x0800bc34        0x0
 .vfp11_veneer  0x0800bc34        0x0 linker stubs

.v4_bx          0x0800bc34        0x0
 .v4_bx         0x0800bc34        0x0 linker stubs

.iplt           0x0800bc34        0x0
 .iplt          0x0800bc34        0x0 C:/ST/STM32CubeIDE_1.17.0/STM32CubeIDE/plugins/com.st.stm32cube.ide.mcu.externaltools.gnu-tools-for-stm32.12.3.rel1.win32_1.1.0.202410251130/tools/bin/../lib/gcc/arm-none-eabi/12.3.1/thumb/v7e-m+fp/hard/crtbegin.o

.rodata         0x0800bc34       0xe4
                0x0800bc34                        . = ALIGN (0x4)
 *(.rodata)
 .rodata        0x0800bc34       0x27 ./Core/Src/main.o
 *fill*         0x0800bc5b        0x1 
 .rodata        0x0800bc5c        0x4 ./Middlewares/ST/STM32_USB_Host_Library/Class/CDC/Src/usbh_cdc.o
 *(.rodata*)
 .rodata.CapLetterMap
                0x0800bc60       0x34 ./Core/Src/stm32l476g_discovery_glass_lcd.o
                0x0800bc60                CapLetterMap
 .rodata.NumberMap
                0x0800bc94       0x14 ./Core/Src/stm32l476g_discovery_glass_lcd.o
                0x0800bc94                NumberMap
 .rodata.AHBPrescTable
                0x0800bca8       0x10 ./Core/Src/system_stm32l4xx.o
                0x0800bca8                AHBPrescTable
 .rodata.APBPrescTable
                0x0800bcb8        0x8 ./Core/Src/system_stm32l4xx.o
                0x0800bcb8                APBPrescTable
 .rodata.MSIRangeTable
                0x0800bcc0       0x30 ./Core/Src/system_stm32l4xx.o
                0x0800bcc0                MSIRangeTable
 .rodata.__utoa.str1.1
                0x0800bcf0       0x25 C:/ST/STM32CubeIDE_1.17.0/STM32CubeIDE/plugins/com.st.stm32cube.ide.mcu.externaltools.gnu-tools-for-stm32.12.3.rel1.win32_1.1.0.202410251130/tools/bin/../lib/gcc/arm-none-eabi/12.3.1/../../../../arm-none-eabi/lib/thumb/v7e-m+fp/hard\libc_nano.a(libc_a-utoa.o)
                0x0800bd18                        . = ALIGN (0x4)
 *fill*         0x0800bd15        0x3 

.ARM.extab      0x0800bd18        0x0
                0x0800bd18                        . = ALIGN (0x4)
 *(.ARM.extab* .gnu.linkonce.armextab.*)
                0x0800bd18                        . = ALIGN (0x4)

.ARM            0x0800bd18        0x8
                0x0800bd18                        . = ALIGN (0x4)
                0x0800bd18                        __exidx_start = .
 *(.ARM.exidx*)
 .ARM.exidx     0x0800bd18        0x8 C:/ST/STM32CubeIDE_1.17.0/STM32CubeIDE/plugins/com.st.stm32cube.ide.mcu.externaltools.gnu-tools-for-stm32.12.3.rel1.win32_1.1.0.202410251130/tools/bin/../lib/gcc/arm-none-eabi/12.3.1/thumb/v7e-m+fp/hard\libgcc.a(_udivmoddi4.o)
                0x0800bd20                        __exidx_end = .
                0x0800bd20                        . = ALIGN (0x4)

.preinit_array  0x0800bd20        0x0
                0x0800bd20                        . = ALIGN (0x4)
                0x0800bd20                        PROVIDE (__preinit_array_start = .)
 *(.preinit_array*)
                0x0800bd20                        PROVIDE (__preinit_array_end = .)
                0x0800bd20                        . = ALIGN (0x4)

.init_array     0x0800bd20        0x4
                0x0800bd20                        . = ALIGN (0x4)
                0x0800bd20                        PROVIDE (__init_array_start = .)
 *(SORT_BY_NAME(.init_array.*))
 *(.init_array*)
 .init_array    0x0800bd20        0x4 C:/ST/STM32CubeIDE_1.17.0/STM32CubeIDE/plugins/com.st.stm32cube.ide.mcu.externaltools.gnu-tools-for-stm32.12.3.rel1.win32_1.1.0.202410251130/tools/bin/../lib/gcc/arm-none-eabi/12.3.1/thumb/v7e-m+fp/hard/crtbegin.o
                0x0800bd24                        PROVIDE (__init_array_end = .)
                0x0800bd24                        . = ALIGN (0x4)

.fini_array     0x0800bd24        0x4
                0x0800bd24                        . = ALIGN (0x4)
                [!provide]                        PROVIDE (__fini_array_start = .)
 *(SORT_BY_NAME(.fini_array.*))
 *(.fini_array*)
 .fini_array    0x0800bd24        0x4 C:/ST/STM32CubeIDE_1.17.0/STM32CubeIDE/plugins/com.st.stm32cube.ide.mcu.externaltools.gnu-tools-for-stm32.12.3.rel1.win32_1.1.0.202410251130/tools/bin/../lib/gcc/arm-none-eabi/12.3.1/thumb/v7e-m+fp/hard/crtbegin.o
                [!provide]                        PROVIDE (__fini_array_end = .)
                0x0800bd28                        . = ALIGN (0x4)
                0x0800bd28                        _sidata = LOADADDR (.data)

.rel.dyn        0x0800bd28        0x0
 .rel.iplt      0x0800bd28        0x0 C:/ST/STM32CubeIDE_1.17.0/STM32CubeIDE/plugins/com.st.stm32cube.ide.mcu.externaltools.gnu-tools-for-stm32.12.3.rel1.win32_1.1.0.202410251130/tools/bin/../lib/gcc/arm-none-eabi/12.3.1/thumb/v7e-m+fp/hard/crtbegin.o

.data           0x20000000       0x90 load address 0x0800bd28
                0x20000000                        . = ALIGN (0x4)
                0x20000000                        _sdata = .
 *(.data)
 *(.data*)
 .data.options  0x20000000       0x14 ./Core/Src/main.o
                0x20000000                options
 .data.SystemCoreClock
                0x20000014        0x4 ./Core/Src/system_stm32l4xx.o
                0x20000014                SystemCoreClock
 .data.uwTickPrio
                0x20000018        0x4 ./Drivers/STM32L4xx_HAL_Driver/Src/stm32l4xx_hal.o
                0x20000018                uwTickPrio
 .data.uwTickFreq
                0x2000001c        0x1 ./Drivers/STM32L4xx_HAL_Driver/Src/stm32l4xx_hal.o
                0x2000001c                uwTickFreq
 *fill*         0x2000001d        0x3 
 .data.CDC_Class
                0x20000020       0x20 ./Middlewares/ST/STM32_USB_Host_Library/Class/CDC/Src/usbh_cdc.o
                0x20000020                CDC_Class
 .data._impure_ptr
                0x20000040        0x4 C:/ST/STM32CubeIDE_1.17.0/STM32CubeIDE/plugins/com.st.stm32cube.ide.mcu.externaltools.gnu-tools-for-stm32.12.3.rel1.win32_1.1.0.202410251130/tools/bin/../lib/gcc/arm-none-eabi/12.3.1/../../../../arm-none-eabi/lib/thumb/v7e-m+fp/hard\libc_nano.a(libc_a-impure.o)
                0x20000040                _impure_ptr
 .data._impure_data
                0x20000044       0x4c C:/ST/STM32CubeIDE_1.17.0/STM32CubeIDE/plugins/com.st.stm32cube.ide.mcu.externaltools.gnu-tools-for-stm32.12.3.rel1.win32_1.1.0.202410251130/tools/bin/../lib/gcc/arm-none-eabi/12.3.1/../../../../arm-none-eabi/lib/thumb/v7e-m+fp/hard\libc_nano.a(libc_a-impure.o)
                0x20000044                _impure_data
 *(.RamFunc)
 *(.RamFunc*)
                0x20000090                        . = ALIGN (0x4)
                0x20000090                        _edata = .

.igot.plt       0x20000090        0x0 load address 0x0800bdb8
 .igot.plt      0x20000090        0x0 C:/ST/STM32CubeIDE_1.17.0/STM32CubeIDE/plugins/com.st.stm32cube.ide.mcu.externaltools.gnu-tools-for-stm32.12.3.rel1.win32_1.1.0.202410251130/tools/bin/../lib/gcc/arm-none-eabi/12.3.1/thumb/v7e-m+fp/hard/crtbegin.o
                0x20000090                        . = ALIGN (0x4)

.bss            0x20000090      0xbfc load address 0x0800bdb8
                0x20000090                        _sbss = .
                0x20000090                        __bss_start__ = _sbss
 *(.bss)
 .bss           0x20000090       0x1c C:/ST/STM32CubeIDE_1.17.0/STM32CubeIDE/plugins/com.st.stm32cube.ide.mcu.externaltools.gnu-tools-for-stm32.12.3.rel1.win32_1.1.0.202410251130/tools/bin/../lib/gcc/arm-none-eabi/12.3.1/thumb/v7e-m+fp/hard/crtbegin.o
 *(.bss*)
 .bss.hi2c1     0x200000ac       0x54 ./Core/Src/main.o
                0x200000ac                hi2c1
 .bss.hi2c2     0x20000100       0x54 ./Core/Src/main.o
                0x20000100                hi2c2
 .bss.hlcd      0x20000154       0x3c ./Core/Src/main.o
                0x20000154                hlcd
 .bss.hqspi     0x20000190       0x44 ./Core/Src/main.o
                0x20000190                hqspi
 .bss.hrtc      0x200001d4       0x24 ./Core/Src/main.o
                0x200001d4                hrtc
 .bss.hsai_BlockA1
                0x200001f8       0x84 ./Core/Src/main.o
                0x200001f8                hsai_BlockA1
 .bss.hsai_BlockB1
                0x2000027c       0x84 ./Core/Src/main.o
                0x2000027c                hsai_BlockB1
 .bss.hspi2     0x20000300       0x64 ./Core/Src/main.o
                0x20000300                hspi2
 .bss.huart2    0x20000364       0x88 ./Core/Src/main.o
                0x20000364                huart2
 .bss.optionIndex
                0x200003ec        0x4 ./Core/Src/main.o
                0x200003ec                optionIndex
 .bss.LCDHandle
                0x200003f0       0x3c ./Core/Src/stm32l476g_discovery_glass_lcd.o
                0x200003f0                LCDHandle
 .bss.Digit     0x2000042c       0x10 ./Core/Src/stm32l476g_discovery_glass_lcd.o
                0x2000042c                Digit
 .bss.SAI1_client
                0x2000043c        0x4 ./Core/Src/stm32l4xx_hal_msp.o
 .bss.__sbrk_heap_end
                0x20000440        0x4 ./Core/Src/sysmem.o
 .bss.uwTick    0x20000444        0x4 ./Drivers/STM32L4xx_HAL_Driver/Src/stm32l4xx_hal.o
                0x20000444                uwTick
 .bss.hUsbHostFS
                0x20000448      0x3d8 ./USB_HOST/App/usb_host.o
                0x20000448                hUsbHostFS
 .bss.Appli_state
                0x20000820        0x1 ./USB_HOST/App/usb_host.o
                0x20000820                Appli_state
 *fill*         0x20000821        0x3 
 .bss.hhcd_USB_OTG_FS
                0x20000824      0x320 ./USB_HOST/Target/usbh_conf.o
                0x20000824                hhcd_USB_OTG_FS
 .bss.__malloc_sbrk_start
                0x20000b44        0x4 C:/ST/STM32CubeIDE_1.17.0/STM32CubeIDE/plugins/com.st.stm32cube.ide.mcu.externaltools.gnu-tools-for-stm32.12.3.rel1.win32_1.1.0.202410251130/tools/bin/../lib/gcc/arm-none-eabi/12.3.1/../../../../arm-none-eabi/lib/thumb/v7e-m+fp/hard\libc_nano.a(libc_a-mallocr.o)
                0x20000b44                __malloc_sbrk_start
 .bss.__malloc_free_list
                0x20000b48        0x4 C:/ST/STM32CubeIDE_1.17.0/STM32CubeIDE/plugins/com.st.stm32cube.ide.mcu.externaltools.gnu-tools-for-stm32.12.3.rel1.win32_1.1.0.202410251130/tools/bin/../lib/gcc/arm-none-eabi/12.3.1/../../../../arm-none-eabi/lib/thumb/v7e-m+fp/hard\libc_nano.a(libc_a-mallocr.o)
                0x20000b48                __malloc_free_list
 .bss.__sf      0x20000b4c      0x138 C:/ST/STM32CubeIDE_1.17.0/STM32CubeIDE/plugins/com.st.stm32cube.ide.mcu.externaltools.gnu-tools-for-stm32.12.3.rel1.win32_1.1.0.202410251130/tools/bin/../lib/gcc/arm-none-eabi/12.3.1/../../../../arm-none-eabi/lib/thumb/v7e-m+fp/hard\libc_nano.a(libc_a-findfp.o)
                0x20000b4c                __sf
 .bss.errno     0x20000c84        0x4 C:/ST/STM32CubeIDE_1.17.0/STM32CubeIDE/plugins/com.st.stm32cube.ide.mcu.externaltools.gnu-tools-for-stm32.12.3.rel1.win32_1.1.0.202410251130/tools/bin/../lib/gcc/arm-none-eabi/12.3.1/../../../../arm-none-eabi/lib/thumb/v7e-m+fp/hard\libc_nano.a(libc_a-reent.o)
                0x20000c84                errno
 .bss.__lock___malloc_recursive_mutex
                0x20000c88        0x1 C:/ST/STM32CubeIDE_1.17.0/STM32CubeIDE/plugins/com.st.stm32cube.ide.mcu.externaltools.gnu-tools-for-stm32.12.3.rel1.win32_1.1.0.202410251130/tools/bin/../lib/gcc/arm-none-eabi/12.3.1/../../../../arm-none-eabi/lib/thumb/v7e-m+fp/hard\libc_nano.a(libc_a-lock.o)
                0x20000c88                __lock___malloc_recursive_mutex
 *(COMMON)
                0x20000c8c                        . = ALIGN (0x4)
 *fill*         0x20000c89        0x3 
                0x20000c8c                        _ebss = .
                0x20000c8c                        __bss_end__ = _ebss

._user_heap_stack
                0x20000c8c      0x604 load address 0x0800bdb8
                0x20000c90                        . = ALIGN (0x8)
 *fill*         0x20000c8c        0x4 
                [!provide]                        PROVIDE (end = .)
                0x20000c90                        PROVIDE (_end = .)
                0x20000e90                        . = (. + _Min_Heap_Size)
 *fill*         0x20000c90      0x200 
                0x20001290                        . = (. + _Min_Stack_Size)
 *fill*         0x20000e90      0x400 
                0x20001290                        . = ALIGN (0x8)

/DISCARD/
 libc.a(*)
 libm.a(*)
 libgcc.a(*)

.ARM.attributes
                0x00000000       0x30
 *(.ARM.attributes)
 .ARM.attributes
                0x00000000       0x22 C:/ST/STM32CubeIDE_1.17.0/STM32CubeIDE/plugins/com.st.stm32cube.ide.mcu.externaltools.gnu-tools-for-stm32.12.3.rel1.win32_1.1.0.202410251130/tools/bin/../lib/gcc/arm-none-eabi/12.3.1/thumb/v7e-m+fp/hard/crti.o
 .ARM.attributes
                0x00000022       0x34 C:/ST/STM32CubeIDE_1.17.0/STM32CubeIDE/plugins/com.st.stm32cube.ide.mcu.externaltools.gnu-tools-for-stm32.12.3.rel1.win32_1.1.0.202410251130/tools/bin/../lib/gcc/arm-none-eabi/12.3.1/thumb/v7e-m+fp/hard/crtbegin.o
 .ARM.attributes
                0x00000056       0x34 ./Core/Src/main.o
 .ARM.attributes
                0x0000008a       0x34 ./Core/Src/stm32l476g_discovery_glass_lcd.o
 .ARM.attributes
                0x000000be       0x34 ./Core/Src/stm32l4xx_hal_msp.o
 .ARM.attributes
                0x000000f2       0x34 ./Core/Src/stm32l4xx_it.o
 .ARM.attributes
                0x00000126       0x34 ./Core/Src/sysmem.o
 .ARM.attributes
                0x0000015a       0x34 ./Core/Src/system_stm32l4xx.o
 .ARM.attributes
                0x0000018e       0x21 ./Core/Startup/startup_stm32l476vgtx.o
 .ARM.attributes
                0x000001af       0x34 ./Drivers/STM32L4xx_HAL_Driver/Src/stm32l4xx_hal.o
 .ARM.attributes
                0x000001e3       0x34 ./Drivers/STM32L4xx_HAL_Driver/Src/stm32l4xx_hal_cortex.o
 .ARM.attributes
                0x00000217       0x34 ./Drivers/STM32L4xx_HAL_Driver/Src/stm32l4xx_hal_gpio.o
 .ARM.attributes
                0x0000024b       0x34 ./Drivers/STM32L4xx_HAL_Driver/Src/stm32l4xx_hal_hcd.o
 .ARM.attributes
                0x0000027f       0x34 ./Drivers/STM32L4xx_HAL_Driver/Src/stm32l4xx_hal_i2c.o
 .ARM.attributes
                0x000002b3       0x34 ./Drivers/STM32L4xx_HAL_Driver/Src/stm32l4xx_hal_i2c_ex.o
 .ARM.attributes
                0x000002e7       0x34 ./Drivers/STM32L4xx_HAL_Driver/Src/stm32l4xx_hal_lcd.o
 .ARM.attributes
                0x0000031b       0x34 ./Drivers/STM32L4xx_HAL_Driver/Src/stm32l4xx_hal_pwr.o
 .ARM.attributes
                0x0000034f       0x34 ./Drivers/STM32L4xx_HAL_Driver/Src/stm32l4xx_hal_pwr_ex.o
 .ARM.attributes
                0x00000383       0x34 ./Drivers/STM32L4xx_HAL_Driver/Src/stm32l4xx_hal_qspi.o
 .ARM.attributes
                0x000003b7       0x34 ./Drivers/STM32L4xx_HAL_Driver/Src/stm32l4xx_hal_rcc.o
 .ARM.attributes
                0x000003eb       0x34 ./Drivers/STM32L4xx_HAL_Driver/Src/stm32l4xx_hal_rcc_ex.o
 .ARM.attributes
                0x0000041f       0x34 ./Drivers/STM32L4xx_HAL_Driver/Src/stm32l4xx_hal_rtc.o
 .ARM.attributes
                0x00000453       0x34 ./Drivers/STM32L4xx_HAL_Driver/Src/stm32l4xx_hal_sai.o
 .ARM.attributes
                0x00000487       0x34 ./Drivers/STM32L4xx_HAL_Driver/Src/stm32l4xx_hal_spi.o
 .ARM.attributes
                0x000004bb       0x34 ./Drivers/STM32L4xx_HAL_Driver/Src/stm32l4xx_hal_uart.o
 .ARM.attributes
                0x000004ef       0x34 ./Drivers/STM32L4xx_HAL_Driver/Src/stm32l4xx_ll_usb.o
 .ARM.attributes
                0x00000523       0x34 ./Middlewares/ST/STM32_USB_Host_Library/Class/CDC/Src/usbh_cdc.o
 .ARM.attributes
                0x00000557       0x34 ./Middlewares/ST/STM32_USB_Host_Library/Core/Src/usbh_core.o
 .ARM.attributes
                0x0000058b       0x34 ./Middlewares/ST/STM32_USB_Host_Library/Core/Src/usbh_ctlreq.o
 .ARM.attributes
                0x000005bf       0x34 ./Middlewares/ST/STM32_USB_Host_Library/Core/Src/usbh_ioreq.o
 .ARM.attributes
                0x000005f3       0x34 ./Middlewares/ST/STM32_USB_Host_Library/Core/Src/usbh_pipes.o
 .ARM.attributes
                0x00000627       0x34 ./USB_HOST/App/usb_host.o
 .ARM.attributes
                0x0000065b       0x34 ./USB_HOST/Target/usbh_conf.o
 .ARM.attributes
                0x0000068f       0x34 ./USB_HOST/Target/usbh_platform.o
 .ARM.attributes
                0x000006c3       0x34 C:/ST/STM32CubeIDE_1.17.0/STM32CubeIDE/plugins/com.st.stm32cube.ide.mcu.externaltools.gnu-tools-for-stm32.12.3.rel1.win32_1.1.0.202410251130/tools/bin/../lib/gcc/arm-none-eabi/12.3.1/../../../../arm-none-eabi/lib/thumb/v7e-m+fp/hard\libc_nano.a(libc_a-itoa.o)
 .ARM.attributes
                0x000006f7       0x34 C:/ST/STM32CubeIDE_1.17.0/STM32CubeIDE/plugins/com.st.stm32cube.ide.mcu.externaltools.gnu-tools-for-stm32.12.3.rel1.win32_1.1.0.202410251130/tools/bin/../lib/gcc/arm-none-eabi/12.3.1/../../../../arm-none-eabi/lib/thumb/v7e-m+fp/hard\libc_nano.a(libc_a-malloc.o)
 .ARM.attributes
                0x0000072b       0x34 C:/ST/STM32CubeIDE_1.17.0/STM32CubeIDE/plugins/com.st.stm32cube.ide.mcu.externaltools.gnu-tools-for-stm32.12.3.rel1.win32_1.1.0.202410251130/tools/bin/../lib/gcc/arm-none-eabi/12.3.1/../../../../arm-none-eabi/lib/thumb/v7e-m+fp/hard\libc_nano.a(libc_a-mallocr.o)
 .ARM.attributes
                0x0000075f       0x34 C:/ST/STM32CubeIDE_1.17.0/STM32CubeIDE/plugins/com.st.stm32cube.ide.mcu.externaltools.gnu-tools-for-stm32.12.3.rel1.win32_1.1.0.202410251130/tools/bin/../lib/gcc/arm-none-eabi/12.3.1/../../../../arm-none-eabi/lib/thumb/v7e-m+fp/hard\libc_nano.a(libc_a-mlock.o)
 .ARM.attributes
                0x00000793       0x34 C:/ST/STM32CubeIDE_1.17.0/STM32CubeIDE/plugins/com.st.stm32cube.ide.mcu.externaltools.gnu-tools-for-stm32.12.3.rel1.win32_1.1.0.202410251130/tools/bin/../lib/gcc/arm-none-eabi/12.3.1/../../../../arm-none-eabi/lib/thumb/v7e-m+fp/hard\libc_nano.a(libc_a-utoa.o)
 .ARM.attributes
                0x000007c7       0x34 C:/ST/STM32CubeIDE_1.17.0/STM32CubeIDE/plugins/com.st.stm32cube.ide.mcu.externaltools.gnu-tools-for-stm32.12.3.rel1.win32_1.1.0.202410251130/tools/bin/../lib/gcc/arm-none-eabi/12.3.1/../../../../arm-none-eabi/lib/thumb/v7e-m+fp/hard\libc_nano.a(libc_a-findfp.o)
 .ARM.attributes
                0x000007fb       0x34 C:/ST/STM32CubeIDE_1.17.0/STM32CubeIDE/plugins/com.st.stm32cube.ide.mcu.externaltools.gnu-tools-for-stm32.12.3.rel1.win32_1.1.0.202410251130/tools/bin/../lib/gcc/arm-none-eabi/12.3.1/../../../../arm-none-eabi/lib/thumb/v7e-m+fp/hard\libc_nano.a(libc_a-memset.o)
 .ARM.attributes
                0x0000082f       0x34 C:/ST/STM32CubeIDE_1.17.0/STM32CubeIDE/plugins/com.st.stm32cube.ide.mcu.externaltools.gnu-tools-for-stm32.12.3.rel1.win32_1.1.0.202410251130/tools/bin/../lib/gcc/arm-none-eabi/12.3.1/../../../../arm-none-eabi/lib/thumb/v7e-m+fp/hard\libc_nano.a(libc_a-reent.o)
 .ARM.attributes
                0x00000863       0x34 C:/ST/STM32CubeIDE_1.17.0/STM32CubeIDE/plugins/com.st.stm32cube.ide.mcu.externaltools.gnu-tools-for-stm32.12.3.rel1.win32_1.1.0.202410251130/tools/bin/../lib/gcc/arm-none-eabi/12.3.1/../../../../arm-none-eabi/lib/thumb/v7e-m+fp/hard\libc_nano.a(libc_a-impure.o)
 .ARM.attributes
                0x00000897       0x34 C:/ST/STM32CubeIDE_1.17.0/STM32CubeIDE/plugins/com.st.stm32cube.ide.mcu.externaltools.gnu-tools-for-stm32.12.3.rel1.win32_1.1.0.202410251130/tools/bin/../lib/gcc/arm-none-eabi/12.3.1/../../../../arm-none-eabi/lib/thumb/v7e-m+fp/hard\libc_nano.a(libc_a-sbrkr.o)
 .ARM.attributes
                0x000008cb       0x34 C:/ST/STM32CubeIDE_1.17.0/STM32CubeIDE/plugins/com.st.stm32cube.ide.mcu.externaltools.gnu-tools-for-stm32.12.3.rel1.win32_1.1.0.202410251130/tools/bin/../lib/gcc/arm-none-eabi/12.3.1/../../../../arm-none-eabi/lib/thumb/v7e-m+fp/hard\libc_nano.a(libc_a-errno.o)
 .ARM.attributes
                0x000008ff       0x34 C:/ST/STM32CubeIDE_1.17.0/STM32CubeIDE/plugins/com.st.stm32cube.ide.mcu.externaltools.gnu-tools-for-stm32.12.3.rel1.win32_1.1.0.202410251130/tools/bin/../lib/gcc/arm-none-eabi/12.3.1/../../../../arm-none-eabi/lib/thumb/v7e-m+fp/hard\libc_nano.a(libc_a-init.o)
 .ARM.attributes
                0x00000933       0x34 C:/ST/STM32CubeIDE_1.17.0/STM32CubeIDE/plugins/com.st.stm32cube.ide.mcu.externaltools.gnu-tools-for-stm32.12.3.rel1.win32_1.1.0.202410251130/tools/bin/../lib/gcc/arm-none-eabi/12.3.1/../../../../arm-none-eabi/lib/thumb/v7e-m+fp/hard\libc_nano.a(libc_a-lock.o)
 .ARM.attributes
                0x00000967       0x34 C:/ST/STM32CubeIDE_1.17.0/STM32CubeIDE/plugins/com.st.stm32cube.ide.mcu.externaltools.gnu-tools-for-stm32.12.3.rel1.win32_1.1.0.202410251130/tools/bin/../lib/gcc/arm-none-eabi/12.3.1/../../../../arm-none-eabi/lib/thumb/v7e-m+fp/hard\libc_nano.a(libc_a-freer.o)
 .ARM.attributes
                0x0000099b       0x22 C:/ST/STM32CubeIDE_1.17.0/STM32CubeIDE/plugins/com.st.stm32cube.ide.mcu.externaltools.gnu-tools-for-stm32.12.3.rel1.win32_1.1.0.202410251130/tools/bin/../lib/gcc/arm-none-eabi/12.3.1/thumb/v7e-m+fp/hard\libgcc.a(_aeabi_uldivmod.o)
 .ARM.attributes
                0x000009bd       0x34 C:/ST/STM32CubeIDE_1.17.0/STM32CubeIDE/plugins/com.st.stm32cube.ide.mcu.externaltools.gnu-tools-for-stm32.12.3.rel1.win32_1.1.0.202410251130/tools/bin/../lib/gcc/arm-none-eabi/12.3.1/thumb/v7e-m+fp/hard\libgcc.a(_udivmoddi4.o)
 .ARM.attributes
                0x000009f1       0x22 C:/ST/STM32CubeIDE_1.17.0/STM32CubeIDE/plugins/com.st.stm32cube.ide.mcu.externaltools.gnu-tools-for-stm32.12.3.rel1.win32_1.1.0.202410251130/tools/bin/../lib/gcc/arm-none-eabi/12.3.1/thumb/v7e-m+fp/hard\libgcc.a(_dvmd_tls.o)
 .ARM.attributes
                0x00000a13       0x22 C:/ST/STM32CubeIDE_1.17.0/STM32CubeIDE/plugins/com.st.stm32cube.ide.mcu.externaltools.gnu-tools-for-stm32.12.3.rel1.win32_1.1.0.202410251130/tools/bin/../lib/gcc/arm-none-eabi/12.3.1/thumb/v7e-m+fp/hard/crtn.o
OUTPUT(PomodoroT.elf elf32-littlearm)
LOAD linker stubs
LOAD C:/ST/STM32CubeIDE_1.17.0/STM32CubeIDE/plugins/com.st.stm32cube.ide.mcu.externaltools.gnu-tools-for-stm32.12.3.rel1.win32_1.1.0.202410251130/tools/bin/../lib/gcc/arm-none-eabi/12.3.1/../../../../arm-none-eabi/lib/thumb/v7e-m+fp/hard\libc.a
LOAD C:/ST/STM32CubeIDE_1.17.0/STM32CubeIDE/plugins/com.st.stm32cube.ide.mcu.externaltools.gnu-tools-for-stm32.12.3.rel1.win32_1.1.0.202410251130/tools/bin/../lib/gcc/arm-none-eabi/12.3.1/../../../../arm-none-eabi/lib/thumb/v7e-m+fp/hard\libm.a
LOAD C:/ST/STM32CubeIDE_1.17.0/STM32CubeIDE/plugins/com.st.stm32cube.ide.mcu.externaltools.gnu-tools-for-stm32.12.3.rel1.win32_1.1.0.202410251130/tools/bin/../lib/gcc/arm-none-eabi/12.3.1/thumb/v7e-m+fp/hard\libgcc.a

.debug_info     0x00000000    0x20355
 .debug_info    0x00000000     0x2577 ./Core/Src/main.o
 .debug_info    0x00002577     0x10db ./Core/Src/stm32l476g_discovery_glass_lcd.o
 .debug_info    0x00003652     0x215c ./Core/Src/stm32l4xx_hal_msp.o
 .debug_info    0x000057ae      0x6dc ./Core/Src/stm32l4xx_it.o
 .debug_info    0x00005e8a      0x168 ./Core/Src/sysmem.o
 .debug_info    0x00005ff2      0x5b1 ./Core/Src/system_stm32l4xx.o
 .debug_info    0x000065a3       0x30 ./Core/Startup/startup_stm32l476vgtx.o
 .debug_info    0x000065d3      0xc09 ./Drivers/STM32L4xx_HAL_Driver/Src/stm32l4xx_hal.o
 .debug_info    0x000071dc      0xd81 ./Drivers/STM32L4xx_HAL_Driver/Src/stm32l4xx_hal_cortex.o
 .debug_info    0x00007f5d      0x757 ./Drivers/STM32L4xx_HAL_Driver/Src/stm32l4xx_hal_gpio.o
 .debug_info    0x000086b4     0x1121 ./Drivers/STM32L4xx_HAL_Driver/Src/stm32l4xx_hal_hcd.o
 .debug_info    0x000097d5     0x20d2 ./Drivers/STM32L4xx_HAL_Driver/Src/stm32l4xx_hal_i2c.o
 .debug_info    0x0000b8a7      0x975 ./Drivers/STM32L4xx_HAL_Driver/Src/stm32l4xx_hal_i2c_ex.o
 .debug_info    0x0000c21c      0x51c ./Drivers/STM32L4xx_HAL_Driver/Src/stm32l4xx_hal_lcd.o
 .debug_info    0x0000c738      0x91e ./Drivers/STM32L4xx_HAL_Driver/Src/stm32l4xx_hal_pwr.o
 .debug_info    0x0000d056      0x99e ./Drivers/STM32L4xx_HAL_Driver/Src/stm32l4xx_hal_pwr_ex.o
 .debug_info    0x0000d9f4     0x115d ./Drivers/STM32L4xx_HAL_Driver/Src/stm32l4xx_hal_qspi.o
 .debug_info    0x0000eb51      0xc14 ./Drivers/STM32L4xx_HAL_Driver/Src/stm32l4xx_hal_rcc.o
 .debug_info    0x0000f765      0xe11 ./Drivers/STM32L4xx_HAL_Driver/Src/stm32l4xx_hal_rcc_ex.o
 .debug_info    0x00010576      0xd7d ./Drivers/STM32L4xx_HAL_Driver/Src/stm32l4xx_hal_rtc.o
 .debug_info    0x000112f3     0x1192 ./Drivers/STM32L4xx_HAL_Driver/Src/stm32l4xx_hal_sai.o
 .debug_info    0x00012485     0x1549 ./Drivers/STM32L4xx_HAL_Driver/Src/stm32l4xx_hal_spi.o
 .debug_info    0x000139ce     0x3b69 ./Drivers/STM32L4xx_HAL_Driver/Src/stm32l4xx_hal_uart.o
 .debug_info    0x00017537     0x1994 ./Drivers/STM32L4xx_HAL_Driver/Src/stm32l4xx_ll_usb.o
 .debug_info    0x00018ecb     0x1470 ./Middlewares/ST/STM32_USB_Host_Library/Class/CDC/Src/usbh_cdc.o
 .debug_info    0x0001a33b      0xfb2 ./Middlewares/ST/STM32_USB_Host_Library/Core/Src/usbh_core.o
 .debug_info    0x0001b2ed      0xfa6 ./Middlewares/ST/STM32_USB_Host_Library/Core/Src/usbh_ctlreq.o
 .debug_info    0x0001c293      0xc2b ./Middlewares/ST/STM32_USB_Host_Library/Core/Src/usbh_ioreq.o
 .debug_info    0x0001cebe      0xa8e ./Middlewares/ST/STM32_USB_Host_Library/Core/Src/usbh_pipes.o
 .debug_info    0x0001d94c      0xa10 ./USB_HOST/App/usb_host.o
 .debug_info    0x0001e35c     0x1e08 ./USB_HOST/Target/usbh_conf.o
 .debug_info    0x00020164      0x1f1 ./USB_HOST/Target/usbh_platform.o

.debug_abbrev   0x00000000     0x4860
 .debug_abbrev  0x00000000      0x320 ./Core/Src/main.o
 .debug_abbrev  0x00000320      0x262 ./Core/Src/stm32l476g_discovery_glass_lcd.o
 .debug_abbrev  0x00000582      0x241 ./Core/Src/stm32l4xx_hal_msp.o
 .debug_abbrev  0x000007c3      0x1a4 ./Core/Src/stm32l4xx_it.o
 .debug_abbrev  0x00000967       0xbc ./Core/Src/sysmem.o
 .debug_abbrev  0x00000a23      0x11a ./Core/Src/system_stm32l4xx.o
 .debug_abbrev  0x00000b3d       0x24 ./Core/Startup/startup_stm32l476vgtx.o
 .debug_abbrev  0x00000b61      0x243 ./Drivers/STM32L4xx_HAL_Driver/Src/stm32l4xx_hal.o
 .debug_abbrev  0x00000da4      0x31c ./Drivers/STM32L4xx_HAL_Driver/Src/stm32l4xx_hal_cortex.o
 .debug_abbrev  0x000010c0      0x1cb ./Drivers/STM32L4xx_HAL_Driver/Src/stm32l4xx_hal_gpio.o
 .debug_abbrev  0x0000128b      0x296 ./Drivers/STM32L4xx_HAL_Driver/Src/stm32l4xx_hal_hcd.o
 .debug_abbrev  0x00001521      0x261 ./Drivers/STM32L4xx_HAL_Driver/Src/stm32l4xx_hal_i2c.o
 .debug_abbrev  0x00001782      0x1c3 ./Drivers/STM32L4xx_HAL_Driver/Src/stm32l4xx_hal_i2c_ex.o
 .debug_abbrev  0x00001945      0x1bc ./Drivers/STM32L4xx_HAL_Driver/Src/stm32l4xx_hal_lcd.o
 .debug_abbrev  0x00001b01      0x1d4 ./Drivers/STM32L4xx_HAL_Driver/Src/stm32l4xx_hal_pwr.o
 .debug_abbrev  0x00001cd5      0x1f9 ./Drivers/STM32L4xx_HAL_Driver/Src/stm32l4xx_hal_pwr_ex.o
 .debug_abbrev  0x00001ece      0x250 ./Drivers/STM32L4xx_HAL_Driver/Src/stm32l4xx_hal_qspi.o
 .debug_abbrev  0x0000211e      0x2cb ./Drivers/STM32L4xx_HAL_Driver/Src/stm32l4xx_hal_rcc.o
 .debug_abbrev  0x000023e9      0x2a6 ./Drivers/STM32L4xx_HAL_Driver/Src/stm32l4xx_hal_rcc_ex.o
 .debug_abbrev  0x0000268f      0x201 ./Drivers/STM32L4xx_HAL_Driver/Src/stm32l4xx_hal_rtc.o
 .debug_abbrev  0x00002890      0x26d ./Drivers/STM32L4xx_HAL_Driver/Src/stm32l4xx_hal_sai.o
 .debug_abbrev  0x00002afd      0x260 ./Drivers/STM32L4xx_HAL_Driver/Src/stm32l4xx_hal_spi.o
 .debug_abbrev  0x00002d5d      0x2d0 ./Drivers/STM32L4xx_HAL_Driver/Src/stm32l4xx_hal_uart.o
 .debug_abbrev  0x0000302d      0x2b1 ./Drivers/STM32L4xx_HAL_Driver/Src/stm32l4xx_ll_usb.o
 .debug_abbrev  0x000032de      0x33c ./Middlewares/ST/STM32_USB_Host_Library/Class/CDC/Src/usbh_cdc.o
 .debug_abbrev  0x0000361a      0x32a ./Middlewares/ST/STM32_USB_Host_Library/Core/Src/usbh_core.o
 .debug_abbrev  0x00003944      0x2ff ./Middlewares/ST/STM32_USB_Host_Library/Core/Src/usbh_ctlreq.o
 .debug_abbrev  0x00003c43      0x245 ./Middlewares/ST/STM32_USB_Host_Library/Core/Src/usbh_ioreq.o
 .debug_abbrev  0x00003e88      0x281 ./Middlewares/ST/STM32_USB_Host_Library/Core/Src/usbh_pipes.o
 .debug_abbrev  0x00004109      0x26e ./USB_HOST/App/usb_host.o
 .debug_abbrev  0x00004377      0x3d5 ./USB_HOST/Target/usbh_conf.o
 .debug_abbrev  0x0000474c      0x114 ./USB_HOST/Target/usbh_platform.o

.debug_aranges  0x00000000     0x1a00
 .debug_aranges
                0x00000000       0x88 ./Core/Src/main.o
 .debug_aranges
                0x00000088       0x98 ./Core/Src/stm32l476g_discovery_glass_lcd.o
 .debug_aranges
                0x00000120       0x90 ./Core/Src/stm32l4xx_hal_msp.o
 .debug_aranges
                0x000001b0       0x68 ./Core/Src/stm32l4xx_it.o
 .debug_aranges
                0x00000218       0x20 ./Core/Src/sysmem.o
 .debug_aranges
                0x00000238       0x28 ./Core/Src/system_stm32l4xx.o
 .debug_aranges
                0x00000260       0x28 ./Core/Startup/startup_stm32l476vgtx.o
 .debug_aranges
                0x00000288      0x130 ./Drivers/STM32L4xx_HAL_Driver/Src/stm32l4xx_hal.o
 .debug_aranges
                0x000003b8      0x128 ./Drivers/STM32L4xx_HAL_Driver/Src/stm32l4xx_hal_cortex.o
 .debug_aranges
                0x000004e0       0x58 ./Drivers/STM32L4xx_HAL_Driver/Src/stm32l4xx_hal_gpio.o
 .debug_aranges
                0x00000538      0x100 ./Drivers/STM32L4xx_HAL_Driver/Src/stm32l4xx_hal_hcd.o
 .debug_aranges
                0x00000638      0x2a0 ./Drivers/STM32L4xx_HAL_Driver/Src/stm32l4xx_hal_i2c.o
 .debug_aranges
                0x000008d8       0x48 ./Drivers/STM32L4xx_HAL_Driver/Src/stm32l4xx_hal_i2c_ex.o
 .debug_aranges
                0x00000920       0x68 ./Drivers/STM32L4xx_HAL_Driver/Src/stm32l4xx_hal_lcd.o
 .debug_aranges
                0x00000988       0x98 ./Drivers/STM32L4xx_HAL_Driver/Src/stm32l4xx_hal_pwr.o
 .debug_aranges
                0x00000a20      0x160 ./Drivers/STM32L4xx_HAL_Driver/Src/stm32l4xx_hal_pwr_ex.o
 .debug_aranges
                0x00000b80      0x160 ./Drivers/STM32L4xx_HAL_Driver/Src/stm32l4xx_hal_qspi.o
 .debug_aranges
                0x00000ce0       0x90 ./Drivers/STM32L4xx_HAL_Driver/Src/stm32l4xx_hal_rcc.o
 .debug_aranges
                0x00000d70       0xc0 ./Drivers/STM32L4xx_HAL_Driver/Src/stm32l4xx_hal_rcc_ex.o
 .debug_aranges
                0x00000e30       0xe8 ./Drivers/STM32L4xx_HAL_Driver/Src/stm32l4xx_hal_rtc.o
 .debug_aranges
                0x00000f18      0x178 ./Drivers/STM32L4xx_HAL_Driver/Src/stm32l4xx_hal_sai.o
 .debug_aranges
                0x00001090      0x1d8 ./Drivers/STM32L4xx_HAL_Driver/Src/stm32l4xx_hal_spi.o
 .debug_aranges
                0x00001268      0x228 ./Drivers/STM32L4xx_HAL_Driver/Src/stm32l4xx_hal_uart.o
 .debug_aranges
                0x00001490      0x1a0 ./Drivers/STM32L4xx_HAL_Driver/Src/stm32l4xx_ll_usb.o
 .debug_aranges
                0x00001630       0xa8 ./Middlewares/ST/STM32_USB_Host_Library/Class/CDC/Src/usbh_cdc.o
 .debug_aranges
                0x000016d8       0xc0 ./Middlewares/ST/STM32_USB_Host_Library/Core/Src/usbh_core.o
 .debug_aranges
                0x00001798       0xa0 ./Middlewares/ST/STM32_USB_Host_Library/Core/Src/usbh_ctlreq.o
 .debug_aranges
                0x00001838       0x60 ./Middlewares/ST/STM32_USB_Host_Library/Core/Src/usbh_ioreq.o
 .debug_aranges
                0x00001898       0x40 ./Middlewares/ST/STM32_USB_Host_Library/Core/Src/usbh_pipes.o
 .debug_aranges
                0x000018d8       0x30 ./USB_HOST/App/usb_host.o
 .debug_aranges
                0x00001908       0xd8 ./USB_HOST/Target/usbh_conf.o
 .debug_aranges
                0x000019e0       0x20 ./USB_HOST/Target/usbh_platform.o

.debug_rnglists
                0x00000000     0x1420
 .debug_rnglists
                0x00000000       0x78 ./Core/Src/main.o
 .debug_rnglists
                0x00000078       0x76 ./Core/Src/stm32l476g_discovery_glass_lcd.o
 .debug_rnglists
                0x000000ee       0x6e ./Core/Src/stm32l4xx_hal_msp.o
 .debug_rnglists
                0x0000015c       0x49 ./Core/Src/stm32l4xx_it.o
 .debug_rnglists
                0x000001a5       0x13 ./Core/Src/sysmem.o
 .debug_rnglists
                0x000001b8       0x1a ./Core/Src/system_stm32l4xx.o
 .debug_rnglists
                0x000001d2       0x19 ./Core/Startup/startup_stm32l476vgtx.o
 .debug_rnglists
                0x000001eb       0xdf ./Drivers/STM32L4xx_HAL_Driver/Src/stm32l4xx_hal.o
 .debug_rnglists
                0x000002ca       0xda ./Drivers/STM32L4xx_HAL_Driver/Src/stm32l4xx_hal_cortex.o
 .debug_rnglists
                0x000003a4       0x3f ./Drivers/STM32L4xx_HAL_Driver/Src/stm32l4xx_hal_gpio.o
 .debug_rnglists
                0x000003e3       0xc3 ./Drivers/STM32L4xx_HAL_Driver/Src/stm32l4xx_hal_hcd.o
 .debug_rnglists
                0x000004a6      0x228 ./Drivers/STM32L4xx_HAL_Driver/Src/stm32l4xx_hal_i2c.o
 .debug_rnglists
                0x000006ce       0x35 ./Drivers/STM32L4xx_HAL_Driver/Src/stm32l4xx_hal_i2c_ex.o
 .debug_rnglists
                0x00000703       0x4c ./Drivers/STM32L4xx_HAL_Driver/Src/stm32l4xx_hal_lcd.o
 .debug_rnglists
                0x0000074f       0x6e ./Drivers/STM32L4xx_HAL_Driver/Src/stm32l4xx_hal_pwr.o
 .debug_rnglists
                0x000007bd      0x109 ./Drivers/STM32L4xx_HAL_Driver/Src/stm32l4xx_hal_pwr_ex.o
 .debug_rnglists
                0x000008c6      0x113 ./Drivers/STM32L4xx_HAL_Driver/Src/stm32l4xx_hal_qspi.o
 .debug_rnglists
                0x000009d9       0x6d ./Drivers/STM32L4xx_HAL_Driver/Src/stm32l4xx_hal_rcc.o
 .debug_rnglists
                0x00000a46       0x95 ./Drivers/STM32L4xx_HAL_Driver/Src/stm32l4xx_hal_rcc_ex.o
 .debug_rnglists
                0x00000adb       0xb4 ./Drivers/STM32L4xx_HAL_Driver/Src/stm32l4xx_hal_rtc.o
 .debug_rnglists
                0x00000b8f      0x136 ./Drivers/STM32L4xx_HAL_Driver/Src/stm32l4xx_hal_sai.o
 .debug_rnglists
                0x00000cc5      0x178 ./Drivers/STM32L4xx_HAL_Driver/Src/stm32l4xx_hal_spi.o
 .debug_rnglists
                0x00000e3d      0x1db ./Drivers/STM32L4xx_HAL_Driver/Src/stm32l4xx_hal_uart.o
 .debug_rnglists
                0x00001018      0x146 ./Drivers/STM32L4xx_HAL_Driver/Src/stm32l4xx_ll_usb.o
 .debug_rnglists
                0x0000115e       0x7e ./Middlewares/ST/STM32_USB_Host_Library/Class/CDC/Src/usbh_cdc.o
 .debug_rnglists
                0x000011dc       0x8f ./Middlewares/ST/STM32_USB_Host_Library/Core/Src/usbh_core.o
 .debug_rnglists
                0x0000126b       0x77 ./Middlewares/ST/STM32_USB_Host_Library/Core/Src/usbh_ctlreq.o
 .debug_rnglists
                0x000012e2       0x43 ./Middlewares/ST/STM32_USB_Host_Library/Core/Src/usbh_ioreq.o
 .debug_rnglists
                0x00001325       0x2b ./Middlewares/ST/STM32_USB_Host_Library/Core/Src/usbh_pipes.o
 .debug_rnglists
                0x00001350       0x1f ./USB_HOST/App/usb_host.o
 .debug_rnglists
                0x0000136f       0x9e ./USB_HOST/Target/usbh_conf.o
 .debug_rnglists
                0x0000140d       0x13 ./USB_HOST/Target/usbh_platform.o

.debug_macro    0x00000000    0x2cdc9
 .debug_macro   0x00000000      0x333 ./Core/Src/main.o
 .debug_macro   0x00000333      0xab4 ./Core/Src/main.o
 .debug_macro   0x00000de7      0x1cb ./Core/Src/main.o
 .debug_macro   0x00000fb2       0x2e ./Core/Src/main.o
 .debug_macro   0x00000fe0       0x28 ./Core/Src/main.o
 .debug_macro   0x00001008       0x22 ./Core/Src/main.o
 .debug_macro   0x0000102a       0x8e ./Core/Src/main.o
 .debug_macro   0x000010b8       0x51 ./Core/Src/main.o
 .debug_macro   0x00001109      0x103 ./Core/Src/main.o
 .debug_macro   0x0000120c       0x6a ./Core/Src/main.o
 .debug_macro   0x00001276      0x1df ./Core/Src/main.o
 .debug_macro   0x00001455       0x1c ./Core/Src/main.o
 .debug_macro   0x00001471       0x22 ./Core/Src/main.o
 .debug_macro   0x00001493       0xfb ./Core/Src/main.o
 .debug_macro   0x0000158e     0x1011 ./Core/Src/main.o
 .debug_macro   0x0000259f      0x11f ./Core/Src/main.o
 .debug_macro   0x000026be    0x1a17a ./Core/Src/main.o
 .debug_macro   0x0001c838       0x6d ./Core/Src/main.o
 .debug_macro   0x0001c8a5     0x38fb ./Core/Src/main.o
 .debug_macro   0x000201a0      0x189 ./Core/Src/main.o
 .debug_macro   0x00020329       0x5c ./Core/Src/main.o
 .debug_macro   0x00020385     0x159e ./Core/Src/main.o
 .debug_macro   0x00021923      0x5a5 ./Core/Src/main.o
 .debug_macro   0x00021ec8      0x1b9 ./Core/Src/main.o
 .debug_macro   0x00022081      0x18b ./Core/Src/main.o
 .debug_macro   0x0002220c      0x26b ./Core/Src/main.o
 .debug_macro   0x00022477      0x23d ./Core/Src/main.o
 .debug_macro   0x000226b4      0x241 ./Core/Src/main.o
 .debug_macro   0x000228f5      0x37c ./Core/Src/main.o
 .debug_macro   0x00022c71       0xd6 ./Core/Src/main.o
 .debug_macro   0x00022d47      0x215 ./Core/Src/main.o
 .debug_macro   0x00022f5c       0x7d ./Core/Src/main.o
 .debug_macro   0x00022fd9      0x22c ./Core/Src/main.o
 .debug_macro   0x00023205       0x61 ./Core/Src/main.o
 .debug_macro   0x00023266       0xa5 ./Core/Src/main.o
 .debug_macro   0x0002330b      0x3df ./Core/Src/main.o
 .debug_macro   0x000236ea      0x122 ./Core/Src/main.o
 .debug_macro   0x0002380c      0x3ef ./Core/Src/main.o
 .debug_macro   0x00023bfb      0x2a3 ./Core/Src/main.o
 .debug_macro   0x00023e9e      0x321 ./Core/Src/main.o
 .debug_macro   0x000241bf      0x4fb ./Core/Src/main.o
 .debug_macro   0x000246ba       0xeb ./Core/Src/main.o
 .debug_macro   0x000247a5      0x447 ./Core/Src/main.o
 .debug_macro   0x00024bec      0x2fe ./Core/Src/main.o
 .debug_macro   0x00024eea      0x5cf ./Core/Src/main.o
 .debug_macro   0x000254b9       0x44 ./Core/Src/main.o
 .debug_macro   0x000254fd      0x330 ./Core/Src/main.o
 .debug_macro   0x0002582d      0x3e8 ./Core/Src/main.o
 .debug_macro   0x00025c15       0x61 ./Core/Src/main.o
 .debug_macro   0x00025c76       0x2a ./Core/Src/main.o
 .debug_macro   0x00025ca0       0x43 ./Core/Src/main.o