09:21:37 **** Incremental Build of configuration Debug for project PomodoroT ****
make -j12 all 
arm-none-eabi-gcc "../Core/Src/main.c" -mcpu=cortex-m4 -std=gnu11 -g3 -DDEBUG -DUSE_HAL_DRIVER -DSTM32L476xx -c -I../USB_HOST/App -I../USB_HOST/Target -I../Core/Inc -I../Drivers/STM32L4xx_HAL_Driver/Inc -I../Drivers/STM32L4xx_HAL_Driver/Inc/Legacy -I../Middlewares/ST/STM32_USB_Host_Library/Core/Inc -I../Middlewares/ST/STM32_USB_Host_Library/Class/CDC/Inc -I../Drivers/CMSIS/Device/ST/STM32L4xx/Include -I../Drivers/CMSIS/Include -O0 -ffunction-sections -fdata-sections -Wall -fstack-usage -fcyclomatic-complexity -MMD -MP -MF"Core/Src/main.d" -MT"Core/Src/main.o" --specs=nano.specs -mfpu=fpv4-sp-d16 -mfloat-abi=hard -mthumb -o "Core/Src/main.o"
../Core/Src/main.c: In function 'main':
../Core/Src/main.c:171:9: warning: implicit declaration of function 'displayTimer' [-Wimplicit-function-declaration]
  171 |         displayTimer(optionIndex);
      |         ^~~~~~~~~~~~
../Core/Src/main.c: At top level:
../Core/Src/main.c:784:6: warning: conflicting types for 'displayTimer'; have 'void(int)'
  784 | void displayTimer(int time)
      |      ^~~~~~~~~~~~
../Core/Src/main.c:171:9: note: previous implicit declaration of 'displayTimer' with type 'void(int)'
  171 |         displayTimer(optionIndex);
      |         ^~~~~~~~~~~~
../Core/Src/main.c: In function 'displayTimer':
../Core/Src/main.c:799:13: warning: implicit declaration of function 'itoa' [-Wimplicit-function-declaration]
  799 |             itoa(readTime.Seconds,bufSec,10);
      |             ^~~~
arm-none-eabi-gcc -o "PomodoroT.elf" @"objects.list"   -mcpu=cortex-m4 -T"C:\Users\kinki\PomodoroTimer-\PomodoroT\STM32L476VGTX_FLASH.ld" --specs=nosys.specs -Wl,-Map="PomodoroT.map" -Wl,--gc-sections -static --specs=nano.specs -mfpu=fpv4-sp-d16 -mfloat-abi=hard -mthumb -Wl,--start-group -lc -lm -Wl,--end-group
Finished building target: PomodoroT.elf
 
arm-none-eabi-size  PomodoroT.elf 
arm-none-eabi-objdump -h -S PomodoroT.elf  > "PomodoroT.list"
   text	   data	    bss	    dec	    hex	filename
  48424	    144	   4608	  53176	   cfb8	PomodoroT.elf
Finished building: default.size.stdout
 
Finished building: PomodoroT.list
 

09:21:38 Build Finished. 0 errors, 3 warnings. (took 1s.116ms)

